--------------------------------------------------------------------------------
Release 10.1.02 Trace  (lin)
Copyright (c) 1995-2008 Xilinx, Inc.  All rights reserved.

/opt/Xilinx/10.1/ISE/bin/lin/unwrapped/trce -ise
/home/prakti01/Praktikumsverzeichnis/bearbeitung/BPTI/03/prakti01_03_lauflicht/prakti01_03_lauflicht.ise
-intstyle ise -v 3 -s 4 -xml entity_chaser entity_chaser.ncd -o
entity_chaser.twr entity_chaser.pcf -ucf entity_chaser.ucf

Design file:              entity_chaser.ncd
Physical constraint file: entity_chaser.pcf
Device,package,speed:     xc3sd1800a,fg676,-4 (PRODUCTION 1.32 2008-05-28)
Report level:             verbose report

Environment Variable      Effect 
--------------------      ------ 
NONE                      No environment variables were set
--------------------------------------------------------------------------------

INFO:Timing:2698 - No timing constraints found, doing default enumeration.
INFO:Timing:2752 - To get complete path coverage, use the unconstrained paths 
   option. All paths that are not constrained will be reported in the 
   unconstrained paths section(s) of the report.
INFO:Timing:3339 - The clock-to-out numbers in this timing report are based on 
   a 50 Ohm transmission line loading model.  For the details of this model, 
   and for more information on accounting for different loading conditions, 
   please see the device datasheet.



Data Sheet report:
-----------------
All values displayed in nanoseconds (ns)

Setup/Hold to clock chaser_clk_in
-----------------+------------+------------+------------------+--------+
                 |  Setup to  |  Hold to   |                  | Clock  |
Source           | clk (edge) | clk (edge) |Internal Clock(s) | Phase  |
-----------------+------------+------------+------------------+--------+
chaser_speed_down|   15.200(R)|   -3.099(R)|clck              |   0.000|
chaser_speed_up  |    8.842(R)|   -2.841(R)|clck              |   0.000|
chaser_toggle    |    5.308(R)|   -1.956(R)|clck              |   0.000|
-----------------+------------+------------+------------------+--------+

Clock to Setup on destination clock chaser_clk_in
---------------+---------+---------+---------+---------+
               | Src:Rise| Src:Fall| Src:Rise| Src:Fall|
Source Clock   |Dest:Rise|Dest:Rise|Dest:Fall|Dest:Fall|
---------------+---------+---------+---------+---------+
chaser_clk_in  |   17.073|         |         |         |
chaser_rst     |   10.871|   10.871|         |         |
---------------+---------+---------+---------+---------+

Clock to Setup on destination clock chaser_rst
---------------+---------+---------+---------+---------+
               | Src:Rise| Src:Fall| Src:Rise| Src:Fall|
Source Clock   |Dest:Rise|Dest:Rise|Dest:Fall|Dest:Fall|
---------------+---------+---------+---------+---------+
chaser_rst     |         |         |    6.211|   15.590|
---------------+---------+---------+---------+---------+


Analysis completed Fri May 29 16:07:36 2015 
--------------------------------------------------------------------------------

Trace Settings:
-------------------------
Trace Settings 

Peak Memory Usage: 173 MB



