--------------------------------------------------------------------------------
Release 10.1.02 Trace  (lin)
Copyright (c) 1995-2008 Xilinx, Inc.  All rights reserved.

/opt/Xilinx/10.1/ISE/bin/lin/unwrapped/trce -ise
/home/prakti01/Praktikumsverzeichnis/bearbeitung/BPTI/03/prakti01_03_lauflicht/prakti01_03_lauflicht.ise
-intstyle ise -v 3 -s 4 -xml entity_chaser entity_chaser.ncd -o
entity_chaser.twr entity_chaser.pcf -ucf entity_chaser.ucf

Design file:              entity_chaser.ncd
Physical constraint file: entity_chaser.pcf
Device,package,speed:     xc3sd1800a,fg676,-4 (PRODUCTION 1.32 2008-05-28)
Report level:             verbose report

Environment Variable      Effect 
--------------------      ------ 
NONE                      No environment variables were set
--------------------------------------------------------------------------------

INFO:Timing:2698 - No timing constraints found, doing default enumeration.
INFO:Timing:2752 - To get complete path coverage, use the unconstrained paths 
   option. All paths that are not constrained will be reported in the 
   unconstrained paths section(s) of the report.
INFO:Timing:3339 - The clock-to-out numbers in this timing report are based on 
   a 50 Ohm transmission line loading model.  For the details of this model, 
   and for more information on accounting for different loading conditions, 
   please see the device datasheet.



Data Sheet report:
-----------------
All values displayed in nanoseconds (ns)

Clock to Setup on destination clock chaser_clk_in
---------------+---------+---------+---------+---------+
               | Src:Rise| Src:Fall| Src:Rise| Src:Fall|
Source Clock   |Dest:Rise|Dest:Rise|Dest:Fall|Dest:Fall|
---------------+---------+---------+---------+---------+
chaser_clk_in  |   12.928|         |         |         |
chaser_rst     |    4.139|    4.139|         |         |
chaser_speed   |    9.720|         |         |         |
---------------+---------+---------+---------+---------+

Clock to Setup on destination clock chaser_rst
---------------+---------+---------+---------+---------+
               | Src:Rise| Src:Fall| Src:Rise| Src:Fall|
Source Clock   |Dest:Rise|Dest:Rise|Dest:Fall|Dest:Fall|
---------------+---------+---------+---------+---------+
chaser_rst     |         |         |    5.036|   18.116|
---------------+---------+---------+---------+---------+

Clock to Setup on destination clock chaser_speed
---------------+---------+---------+---------+---------+
               | Src:Rise| Src:Fall| Src:Rise| Src:Fall|
Source Clock   |Dest:Rise|Dest:Rise|Dest:Fall|Dest:Fall|
---------------+---------+---------+---------+---------+
chaser_rst     |    8.992|    8.992|         |         |
chaser_speed   |    1.541|         |         |         |
---------------+---------+---------+---------+---------+


Analysis completed Fri May 22 16:27:56 2015 
--------------------------------------------------------------------------------

Trace Settings:
-------------------------
Trace Settings 

Peak Memory Usage: 172 MB



