Release 10.1.02 - xst K.37 (lin)
Copyright (c) 1995-2008 Xilinx, Inc.  All rights reserved.
--> 
Parameter TMPDIR set to /home/prakti01/Praktikumsverzeichnis/bearbeitung/BPTI/04/prakti01_04_4/xst/projnav.tmp


Total REAL time to Xst completion: 1.00 secs
Total CPU time to Xst completion: 0.08 secs
 
--> 
Parameter xsthdpdir set to /home/prakti01/Praktikumsverzeichnis/bearbeitung/BPTI/04/prakti01_04_4/xst


Total REAL time to Xst completion: 1.00 secs
Total CPU time to Xst completion: 0.08 secs
 
--> 
Reading design: entity_vgagenerator_rect.prj

TABLE OF CONTENTS
  1) Synthesis Options Summary
  2) HDL Compilation
  3) Design Hierarchy Analysis
  4) HDL Analysis
  5) HDL Synthesis
     5.1) HDL Synthesis Report
  6) Advanced HDL Synthesis
     6.1) Advanced HDL Synthesis Report
  7) Low Level Synthesis
  8) Partition Report
  9) Final Report
     9.1) Device utilization summary
     9.2) Partition Resource Summary
     9.3) TIMING REPORT


=========================================================================
*                      Synthesis Options Summary                        *
=========================================================================
---- Source Parameters
Input File Name                    : "entity_vgagenerator_rect.prj"
Input Format                       : mixed
Ignore Synthesis Constraint File   : NO

---- Target Parameters
Output File Name                   : "entity_vgagenerator_rect"
Output Format                      : NGC
Target Device                      : xc3sd1800a-4-fg676

---- Source Options
Top Module Name                    : entity_vgagenerator_rect
Automatic FSM Extraction           : YES
FSM Encoding Algorithm             : Auto
Safe Implementation                : No
FSM Style                          : lut
RAM Extraction                     : Yes
RAM Style                          : Auto
ROM Extraction                     : Yes
Mux Style                          : Auto
Decoder Extraction                 : YES
Priority Encoder Extraction        : YES
Shift Register Extraction          : YES
Logical Shifter Extraction         : YES
XOR Collapsing                     : YES
ROM Style                          : Auto
Mux Extraction                     : YES
Resource Sharing                   : YES
Asynchronous To Synchronous        : NO
Use DSP Block                      : auto
Automatic Register Balancing       : No

---- Target Options
Add IO Buffers                     : YES
Global Maximum Fanout              : 500
Add Generic Clock Buffer(BUFG)     : 24
Register Duplication               : YES
Slice Packing                      : YES
Optimize Instantiated Primitives   : NO
Use Clock Enable                   : Yes
Use Synchronous Set                : Yes
Use Synchronous Reset              : Yes
Pack IO Registers into IOBs        : auto
Equivalent register Removal        : YES

---- General Options
Optimization Goal                  : Speed
Optimization Effort                : 1
Library Search Order               : entity_vgagenerator_rect.lso
Keep Hierarchy                     : NO
Netlist Hierarchy                  : as_optimized
RTL Output                         : Yes
Global Optimization                : AllClockNets
Read Cores                         : YES
Write Timing Constraints           : NO
Cross Clock Analysis               : NO
Hierarchy Separator                : /
Bus Delimiter                      : <>
Case Specifier                     : maintain
Slice Utilization Ratio            : 100
BRAM Utilization Ratio             : 100
DSP48 Utilization Ratio            : 100
Verilog 2001                       : YES
Auto BRAM Packing                  : NO
Slice Utilization Ratio Delta      : 5

=========================================================================


=========================================================================
*                          HDL Compilation                              *
=========================================================================
Compiling vhdl file "/home/prakti01/Praktikumsverzeichnis/bearbeitung/BPTI/04/files/colourcombiner.vhd" in Library work.
Entity <entity_colourcombiner> compiled.
Entity <entity_colourcombiner> (Architecture <architecture_colourcombiner>) compiled.
Compiling vhdl file "/home/prakti01/Praktikumsverzeichnis/bearbeitung/BPTI/04/files/pxlgen_whiteborder.vhd" in Library work.
Entity <entity_whiteborder> compiled.
Entity <entity_whiteborder> (Architecture <architecture_whiteborder>) compiled.
Compiling vhdl file "/home/prakti01/Praktikumsverzeichnis/bearbeitung/BPTI/04/files/pxlgen_rectangle.vhd" in Library work.
Entity <entity_rectangle> compiled.
Entity <entity_rectangle> (Architecture <architecture_rectangle>) compiled.
Compiling vhdl file "/home/prakti01/Praktikumsverzeichnis/bearbeitung/BPTI/04/files/siggen_hsyncgenerator.vhd" in Library work.
Architecture architecture_hsyncgenerator of Entity entity_hsyncgenerator is up to date.
Compiling vhdl file "/home/prakti01/Praktikumsverzeichnis/bearbeitung/BPTI/04/files/siggen_vsyncgenerator.vhd" in Library work.
Architecture architecture_vsyncgenerator of Entity entity_vsyncgenerator is up to date.
Compiling vhdl file "/home/prakti01/Praktikumsverzeichnis/bearbeitung/BPTI/04/files/signalgenerator.vhd" in Library work.
Architecture architecture_signalgenerator of Entity entity_signalgenerator is up to date.
Compiling vhdl file "/home/prakti01/Praktikumsverzeichnis/bearbeitung/BPTI/04/files/pixelgenerator_rect.vhd" in Library work.
Entity <entity_pixelgenerator_rect> compiled.
Entity <entity_pixelgenerator_rect> (Architecture <architecture_pixelgenerator_rect>) compiled.
Compiling vhdl file "/home/prakti01/Praktikumsverzeichnis/bearbeitung/BPTI/04/files/vgagenerator_rect.vhd" in Library work.
Entity <entity_vgagenerator_rect> compiled.
Entity <entity_vgagenerator_rect> (Architecture <architecture_vgagenerator_rect>) compiled.

=========================================================================
*                     Design Hierarchy Analysis                         *
=========================================================================
Analyzing hierarchy for entity <entity_vgagenerator_rect> in library <work> (architecture <architecture_vgagenerator_rect>).

Analyzing hierarchy for entity <entity_signalgenerator> in library <work> (architecture <architecture_signalgenerator>).

Analyzing hierarchy for entity <entity_pixelgenerator_rect> in library <work> (architecture <architecture_pixelgenerator_rect>).

Analyzing hierarchy for entity <entity_hsyncgenerator> in library <work> (architecture <architecture_hsyncgenerator>).

Analyzing hierarchy for entity <entity_vsyncgenerator> in library <work> (architecture <architecture_vsyncgenerator>).

Analyzing hierarchy for entity <entity_whiteborder> in library <work> (architecture <architecture_whiteborder>).

Analyzing hierarchy for entity <entity_rectangle> in library <work> (architecture <architecture_rectangle>).

Analyzing hierarchy for entity <entity_colourcombiner> in library <work> (architecture <architecture_colourcombiner>).


=========================================================================
*                            HDL Analysis                               *
=========================================================================
Analyzing Entity <entity_vgagenerator_rect> in library <work> (Architecture <architecture_vgagenerator_rect>).
Entity <entity_vgagenerator_rect> analyzed. Unit <entity_vgagenerator_rect> generated.

Analyzing Entity <entity_signalgenerator> in library <work> (Architecture <architecture_signalgenerator>).
Entity <entity_signalgenerator> analyzed. Unit <entity_signalgenerator> generated.

Analyzing Entity <entity_hsyncgenerator> in library <work> (Architecture <architecture_hsyncgenerator>).
Entity <entity_hsyncgenerator> analyzed. Unit <entity_hsyncgenerator> generated.

Analyzing Entity <entity_vsyncgenerator> in library <work> (Architecture <architecture_vsyncgenerator>).
Entity <entity_vsyncgenerator> analyzed. Unit <entity_vsyncgenerator> generated.

Analyzing Entity <entity_pixelgenerator_rect> in library <work> (Architecture <architecture_pixelgenerator_rect>).
WARNING:Xst:753 - "/home/prakti01/Praktikumsverzeichnis/bearbeitung/BPTI/04/files/pixelgenerator_rect.vhd" line 93: Unconnected output port 'pxl_rct_col_out' of component 'entity_rectangle'.
WARNING:Xst:753 - "/home/prakti01/Praktikumsverzeichnis/bearbeitung/BPTI/04/files/pixelgenerator_rect.vhd" line 93: Unconnected output port 'pxl_rct_row_out' of component 'entity_rectangle'.
Entity <entity_pixelgenerator_rect> analyzed. Unit <entity_pixelgenerator_rect> generated.

Analyzing Entity <entity_whiteborder> in library <work> (Architecture <architecture_whiteborder>).
Entity <entity_whiteborder> analyzed. Unit <entity_whiteborder> generated.

Analyzing Entity <entity_colourcombiner> in library <work> (Architecture <architecture_colourcombiner>).
Entity <entity_colourcombiner> analyzed. Unit <entity_colourcombiner> generated.

Analyzing Entity <entity_rectangle> in library <work> (Architecture <architecture_rectangle>).
Entity <entity_rectangle> analyzed. Unit <entity_rectangle> generated.


=========================================================================
*                           HDL Synthesis                               *
=========================================================================

Performing bidirectional port resolution...

Synthesizing Unit <entity_hsyncgenerator>.
    Related source file is "/home/prakti01/Praktikumsverzeichnis/bearbeitung/BPTI/04/files/siggen_hsyncgenerator.vhd".
    Found 11-bit register for signal <hsync_row>.
    Found 1-bit register for signal <hsync_out>.
    Found 32-bit register for signal <counter>.
    Found 32-bit adder for signal <counter$add0000> created at line 49.
    Found 32-bit comparator lessequal for signal <counter$cmp_le0000> created at line 26.
    Found 32-bit comparator lessequal for signal <counter$cmp_le0001> created at line 29.
    Found 32-bit comparator lessequal for signal <counter$cmp_le0002> created at line 38.
    Found 32-bit comparator lessequal for signal <hsync_out$or0000>.
    Found 10-bit register for signal <rowcounter>.
    Found 10-bit adder for signal <rowcounter$addsub0000> created at line 34.
    Found 32-bit comparator greater for signal <rowcounter$cmp_gt0000> created at line 29.
    Summary:
	inferred  54 D-type flip-flop(s).
	inferred   2 Adder/Subtractor(s).
	inferred   5 Comparator(s).
Unit <entity_hsyncgenerator> synthesized.


Synthesizing Unit <entity_vsyncgenerator>.
    Related source file is "/home/prakti01/Praktikumsverzeichnis/bearbeitung/BPTI/04/files/siggen_vsyncgenerator.vhd".
WARNING:Xst:737 - Found 1-bit latch for signal <vsync_out>. Latches may be generated from incomplete case or if statements. We do not recommend the use of latches in FPGA/CPLD designs, as they may lead to timing problems.
WARNING:Xst:737 - Found 9-bit latch for signal <colcounter>. Latches may be generated from incomplete case or if statements. We do not recommend the use of latches in FPGA/CPLD designs, as they may lead to timing problems.
WARNING:Xst:737 - Found 10-bit latch for signal <vsync_col>. Latches may be generated from incomplete case or if statements. We do not recommend the use of latches in FPGA/CPLD designs, as they may lead to timing problems.
WARNING:Xst:737 - Found 32-bit latch for signal <counter>. Latches may be generated from incomplete case or if statements. We do not recommend the use of latches in FPGA/CPLD designs, as they may lead to timing problems.
    Found 9-bit adder for signal <colcounter$addsub0000> created at line 35.
    Found 32-bit adder for signal <counter$add0000> created at line 47.
    Found 32-bit comparator lessequal for signal <counter$cmp_le0000> created at line 27.
    Found 32-bit comparator lessequal for signal <counter$cmp_le0001> created at line 30.
    Found 32-bit comparator lessequal for signal <counter$cmp_le0002> created at line 35.
    Summary:
	inferred   2 Adder/Subtractor(s).
	inferred   3 Comparator(s).
Unit <entity_vsyncgenerator> synthesized.


Synthesizing Unit <entity_colourcombiner>.
    Related source file is "/home/prakti01/Praktikumsverzeichnis/bearbeitung/BPTI/04/files/colourcombiner.vhd".
Unit <entity_colourcombiner> synthesized.


Synthesizing Unit <entity_signalgenerator>.
    Related source file is "/home/prakti01/Praktikumsverzeichnis/bearbeitung/BPTI/04/files/signalgenerator.vhd".
Unit <entity_signalgenerator> synthesized.


Synthesizing Unit <entity_whiteborder>.
    Related source file is "/home/prakti01/Praktikumsverzeichnis/bearbeitung/BPTI/04/files/pxlgen_whiteborder.vhd".
    Found 10-bit comparator greatequal for signal <green_gen$cmp_ge0000> created at line 53.
    Found 10-bit comparator greatequal for signal <green_gen$cmp_ge0001> created at line 53.
    Found 11-bit comparator greatequal for signal <green_gen$cmp_ge0002> created at line 53.
    Found 11-bit comparator greatequal for signal <green_gen$cmp_ge0003> created at line 53.
    Found 10-bit comparator greater for signal <green_gen$cmp_gt0000> created at line 52.
    Found 11-bit comparator greater for signal <green_gen$cmp_gt0001> created at line 52.
    Found 10-bit comparator lessequal for signal <green_gen$cmp_le0000> created at line 53.
    Found 10-bit comparator lessequal for signal <green_gen$cmp_le0001> created at line 53.
    Found 11-bit comparator lessequal for signal <green_gen$cmp_le0002> created at line 53.
    Found 11-bit comparator lessequal for signal <green_gen$cmp_le0003> created at line 53.
    Summary:
	inferred  10 Comparator(s).
Unit <entity_whiteborder> synthesized.


Synthesizing Unit <entity_rectangle>.
    Related source file is "/home/prakti01/Praktikumsverzeichnis/bearbeitung/BPTI/04/files/pxlgen_rectangle.vhd".
WARNING:Xst:737 - Found 10-bit latch for signal <bottom_right_x>. Latches may be generated from incomplete case or if statements. We do not recommend the use of latches in FPGA/CPLD designs, as they may lead to timing problems.
WARNING:Xst:737 - Found 9-bit latch for signal <bottom_right_y>. Latches may be generated from incomplete case or if statements. We do not recommend the use of latches in FPGA/CPLD designs, as they may lead to timing problems.
WARNING:Xst:737 - Found 10-bit latch for signal <top_left_x>. Latches may be generated from incomplete case or if statements. We do not recommend the use of latches in FPGA/CPLD designs, as they may lead to timing problems.
WARNING:Xst:737 - Found 9-bit latch for signal <top_left_y>. Latches may be generated from incomplete case or if statements. We do not recommend the use of latches in FPGA/CPLD designs, as they may lead to timing problems.
    Found 10-bit adder for signal <bottom_right_x$add0000> created at line 100.
    Found 10-bit subtractor for signal <bottom_right_x$addsub0000> created at line 105.
    Found 9-bit adder for signal <bottom_right_y$add0000> created at line 110.
    Found 9-bit subtractor for signal <bottom_right_y$addsub0000> created at line 115.
    Found 10-bit comparator greatequal for signal <green_gen$cmp_ge0000> created at line 83.
    Found 11-bit comparator greatequal for signal <green_gen$cmp_ge0001> created at line 83.
    Found 10-bit comparator greater for signal <green_gen$cmp_gt0000> created at line 82.
    Found 11-bit comparator greater for signal <green_gen$cmp_gt0001> created at line 82.
    Found 10-bit comparator lessequal for signal <green_gen$cmp_le0000> created at line 83.
    Found 11-bit comparator lessequal for signal <green_gen$cmp_le0001> created at line 83.
    Found 10-bit adder for signal <top_left_x$add0000> created at line 99.
    Found 10-bit subtractor for signal <top_left_x$addsub0000> created at line 104.
    Found 9-bit adder for signal <top_left_y$add0000> created at line 109.
    Found 9-bit subtractor for signal <top_left_y$addsub0000> created at line 114.
    Summary:
	inferred   8 Adder/Subtractor(s).
	inferred   6 Comparator(s).
Unit <entity_rectangle> synthesized.


Synthesizing Unit <entity_pixelgenerator_rect>.
    Related source file is "/home/prakti01/Praktikumsverzeichnis/bearbeitung/BPTI/04/files/pixelgenerator_rect.vhd".
Unit <entity_pixelgenerator_rect> synthesized.


Synthesizing Unit <entity_vgagenerator_rect>.
    Related source file is "/home/prakti01/Praktikumsverzeichnis/bearbeitung/BPTI/04/files/vgagenerator_rect.vhd".
Unit <entity_vgagenerator_rect> synthesized.


=========================================================================
HDL Synthesis Report

Macro Statistics
# Adders/Subtractors                                   : 12
 10-bit adder                                          : 3
 10-bit subtractor                                     : 2
 32-bit adder                                          : 2
 9-bit adder                                           : 3
 9-bit subtractor                                      : 2
# Registers                                            : 4
 1-bit register                                        : 1
 10-bit register                                       : 1
 11-bit register                                       : 1
 32-bit register                                       : 1
# Latches                                              : 8
 1-bit latch                                           : 1
 10-bit latch                                          : 3
 32-bit latch                                          : 1
 9-bit latch                                           : 3
# Comparators                                          : 24
 10-bit comparator greatequal                          : 3
 10-bit comparator greater                             : 2
 10-bit comparator lessequal                           : 3
 11-bit comparator greatequal                          : 3
 11-bit comparator greater                             : 2
 11-bit comparator lessequal                           : 3
 32-bit comparator greater                             : 1
 32-bit comparator lessequal                           : 7

=========================================================================

=========================================================================
*                       Advanced HDL Synthesis                          *
=========================================================================

Loading device for application Rf_Device from file '3sd1800a.nph' in environment /opt/Xilinx/10.1/ISE.

=========================================================================
Advanced HDL Synthesis Report

Macro Statistics
# Adders/Subtractors                                   : 12
 10-bit adder                                          : 3
 10-bit subtractor                                     : 2
 32-bit adder                                          : 2
 9-bit adder                                           : 3
 9-bit subtractor                                      : 2
# Registers                                            : 54
 Flip-Flops                                            : 54
# Latches                                              : 8
 1-bit latch                                           : 1
 10-bit latch                                          : 3
 32-bit latch                                          : 1
 9-bit latch                                           : 3
# Comparators                                          : 24
 10-bit comparator greatequal                          : 3
 10-bit comparator greater                             : 2
 10-bit comparator lessequal                           : 3
 11-bit comparator greatequal                          : 3
 11-bit comparator greater                             : 2
 11-bit comparator lessequal                           : 3
 32-bit comparator greater                             : 1
 32-bit comparator lessequal                           : 7

=========================================================================

=========================================================================
*                         Low Level Synthesis                           *
=========================================================================

Optimizing unit <entity_vgagenerator_rect> ...

Optimizing unit <entity_hsyncgenerator> ...

Optimizing unit <entity_vsyncgenerator> ...

Optimizing unit <entity_rectangle> ...

Mapping all equations...
Building and optimizing final netlist ...
Found area constraint ratio of 100 (+ 5) on block entity_vgagenerator_rect, actual ratio is 1.

Final Macro Processing ...

=========================================================================
Final Register Report

Macro Statistics
# Registers                                            : 54
 Flip-Flops                                            : 54

=========================================================================

=========================================================================
*                           Partition Report                             *
=========================================================================

Partition Implementation Status
-------------------------------

  No Partitions were found in this design.

-------------------------------

=========================================================================
*                            Final Report                               *
=========================================================================
Final Results
RTL Top Level Output File Name     : entity_vgagenerator_rect.ngr
Top Level Output File Name         : entity_vgagenerator_rect
Output Format                      : NGC
Optimization Goal                  : Speed
Keep Hierarchy                     : NO

Design Statistics
# IOs                              : 19

Cell Usage :
# BELS                             : 905
#      GND                         : 1
#      INV                         : 34
#      LUT1                        : 60
#      LUT2                        : 166
#      LUT3                        : 92
#      LUT4                        : 108
#      MUXCY                       : 281
#      MUXF5                       : 3
#      VCC                         : 1
#      XORCY                       : 159
# FlipFlops/Latches                : 144
#      FD                          : 32
#      FDE                         : 10
#      FDR                         : 1
#      FDS                         : 11
#      LD_1                        : 43
#      LDCP                        : 38
#      LDE_1                       : 9
# Clock Buffers                    : 4
#      BUFG                        : 3
#      BUFGP                       : 1
# IO Buffers                       : 18
#      IBUF                        : 4
#      OBUF                        : 14
=========================================================================

Device utilization summary:
---------------------------

Selected Device : 3sd1800afg676-4 

 Number of Slices:                      277  out of  16640     1%  
 Number of Slice Flip Flops:            144  out of  33280     0%  
 Number of 4 input LUTs:                460  out of  33280     1%  
 Number of IOs:                          19
 Number of bonded IOBs:                  19  out of    519     3%  
 Number of GCLKs:                         4  out of     24    16%  

---------------------------
Partition Resource Summary:
---------------------------

  No Partitions were found in this design.

---------------------------


=========================================================================
TIMING REPORT

NOTE: THESE TIMING NUMBERS ARE ONLY A SYNTHESIS ESTIMATE.
      FOR ACCURATE TIMING INFORMATION PLEASE REFER TO THE TRACE REPORT
      GENERATED AFTER PLACE-and-ROUTE.

Clock Information:
------------------
--------------------------------------+------------------------+-------+
Clock Signal                          | Clock buffer(FF name)  | Load  |
--------------------------------------+------------------------+-------+
vga_clk_in                            | BUFGP                  | 54    |
signalgenerator_pm/hsync_pm/hsync_out1| BUFG                   | 52    |
vga_left                              | IBUF+BUFG              | 20    |
vga_up                                | IBUF+BUFG              | 18    |
--------------------------------------+------------------------+-------+

Asynchronous Control Signals Information:
----------------------------------------
---------------------------------------------------------------------------------------------------------------------+------------------------------------------------------+-------+
Control Signal                                                                                                       | Buffer(FF name)                                      | Load  |
---------------------------------------------------------------------------------------------------------------------+------------------------------------------------------+-------+
pixelgenerator_pm/rectangle_pm/bottom_right_x_0__and0000(pixelgenerator_pm/rectangle_pm/bottom_right_x_0__and00001:O)| NONE(pixelgenerator_pm/rectangle_pm/bottom_right_x_0)| 1     |
pixelgenerator_pm/rectangle_pm/bottom_right_x_0__and0001(pixelgenerator_pm/rectangle_pm/bottom_right_x_0__and00011:O)| NONE(pixelgenerator_pm/rectangle_pm/bottom_right_x_0)| 1     |
pixelgenerator_pm/rectangle_pm/bottom_right_x_1__and0000(pixelgenerator_pm/rectangle_pm/bottom_right_x_1__and00001:O)| NONE(pixelgenerator_pm/rectangle_pm/bottom_right_x_1)| 1     |
pixelgenerator_pm/rectangle_pm/bottom_right_x_1__and0001(pixelgenerator_pm/rectangle_pm/bottom_right_x_1__and00011:O)| NONE(pixelgenerator_pm/rectangle_pm/bottom_right_x_1)| 1     |
pixelgenerator_pm/rectangle_pm/bottom_right_x_2__and0000(pixelgenerator_pm/rectangle_pm/bottom_right_x_2__and00001:O)| NONE(pixelgenerator_pm/rectangle_pm/bottom_right_x_2)| 1     |
pixelgenerator_pm/rectangle_pm/bottom_right_x_2__and0001(pixelgenerator_pm/rectangle_pm/bottom_right_x_2__and00011:O)| NONE(pixelgenerator_pm/rectangle_pm/bottom_right_x_2)| 1     |
pixelgenerator_pm/rectangle_pm/bottom_right_x_3__and0000(pixelgenerator_pm/rectangle_pm/bottom_right_x_3__and00001:O)| NONE(pixelgenerator_pm/rectangle_pm/bottom_right_x_3)| 1     |
pixelgenerator_pm/rectangle_pm/bottom_right_x_3__and0001(pixelgenerator_pm/rectangle_pm/bottom_right_x_3__and00011:O)| NONE(pixelgenerator_pm/rectangle_pm/bottom_right_x_3)| 1     |
pixelgenerator_pm/rectangle_pm/bottom_right_x_4__and0000(pixelgenerator_pm/rectangle_pm/bottom_right_x_4__and00001:O)| NONE(pixelgenerator_pm/rectangle_pm/bottom_right_x_4)| 1     |
pixelgenerator_pm/rectangle_pm/bottom_right_x_4__and0001(pixelgenerator_pm/rectangle_pm/bottom_right_x_4__and00011:O)| NONE(pixelgenerator_pm/rectangle_pm/bottom_right_x_4)| 1     |
pixelgenerator_pm/rectangle_pm/bottom_right_x_5__and0000(pixelgenerator_pm/rectangle_pm/bottom_right_x_5__and00001:O)| NONE(pixelgenerator_pm/rectangle_pm/bottom_right_x_5)| 1     |
pixelgenerator_pm/rectangle_pm/bottom_right_x_5__and0001(pixelgenerator_pm/rectangle_pm/bottom_right_x_5__and00011:O)| NONE(pixelgenerator_pm/rectangle_pm/bottom_right_x_5)| 1     |
pixelgenerator_pm/rectangle_pm/bottom_right_x_6__and0000(pixelgenerator_pm/rectangle_pm/bottom_right_x_6__and00001:O)| NONE(pixelgenerator_pm/rectangle_pm/bottom_right_x_6)| 1     |
pixelgenerator_pm/rectangle_pm/bottom_right_x_6__and0001(pixelgenerator_pm/rectangle_pm/bottom_right_x_6__and00011:O)| NONE(pixelgenerator_pm/rectangle_pm/bottom_right_x_6)| 1     |
pixelgenerator_pm/rectangle_pm/bottom_right_x_7__and0000(pixelgenerator_pm/rectangle_pm/bottom_right_x_7__and00001:O)| NONE(pixelgenerator_pm/rectangle_pm/bottom_right_x_7)| 1     |
pixelgenerator_pm/rectangle_pm/bottom_right_x_7__and0001(pixelgenerator_pm/rectangle_pm/bottom_right_x_7__and00011:O)| NONE(pixelgenerator_pm/rectangle_pm/bottom_right_x_7)| 1     |
pixelgenerator_pm/rectangle_pm/bottom_right_x_8__and0000(pixelgenerator_pm/rectangle_pm/bottom_right_x_8__and00001:O)| NONE(pixelgenerator_pm/rectangle_pm/bottom_right_x_8)| 1     |
pixelgenerator_pm/rectangle_pm/bottom_right_x_8__and0001(pixelgenerator_pm/rectangle_pm/bottom_right_x_8__and00011:O)| NONE(pixelgenerator_pm/rectangle_pm/bottom_right_x_8)| 1     |
pixelgenerator_pm/rectangle_pm/bottom_right_x_9__and0000(pixelgenerator_pm/rectangle_pm/bottom_right_x_9__and00001:O)| NONE(pixelgenerator_pm/rectangle_pm/bottom_right_x_9)| 1     |
pixelgenerator_pm/rectangle_pm/bottom_right_x_9__and0001(pixelgenerator_pm/rectangle_pm/bottom_right_x_9__and00011:O)| NONE(pixelgenerator_pm/rectangle_pm/bottom_right_x_9)| 1     |
pixelgenerator_pm/rectangle_pm/bottom_right_y_0__and0000(pixelgenerator_pm/rectangle_pm/bottom_right_y_0__and00001:O)| NONE(pixelgenerator_pm/rectangle_pm/bottom_right_y_0)| 1     |
pixelgenerator_pm/rectangle_pm/bottom_right_y_0__and0001(pixelgenerator_pm/rectangle_pm/bottom_right_y_0__and00011:O)| NONE(pixelgenerator_pm/rectangle_pm/bottom_right_y_0)| 1     |
pixelgenerator_pm/rectangle_pm/bottom_right_y_1__and0000(pixelgenerator_pm/rectangle_pm/bottom_right_y_1__and00001:O)| NONE(pixelgenerator_pm/rectangle_pm/bottom_right_y_1)| 1     |
pixelgenerator_pm/rectangle_pm/bottom_right_y_1__and0001(pixelgenerator_pm/rectangle_pm/bottom_right_y_1__and00011:O)| NONE(pixelgenerator_pm/rectangle_pm/bottom_right_y_1)| 1     |
pixelgenerator_pm/rectangle_pm/bottom_right_y_2__and0000(pixelgenerator_pm/rectangle_pm/bottom_right_y_2__and00001:O)| NONE(pixelgenerator_pm/rectangle_pm/bottom_right_y_2)| 1     |
pixelgenerator_pm/rectangle_pm/bottom_right_y_2__and0001(pixelgenerator_pm/rectangle_pm/bottom_right_y_2__and00011:O)| NONE(pixelgenerator_pm/rectangle_pm/bottom_right_y_2)| 1     |
pixelgenerator_pm/rectangle_pm/bottom_right_y_3__and0000(pixelgenerator_pm/rectangle_pm/bottom_right_y_3__and00001:O)| NONE(pixelgenerator_pm/rectangle_pm/bottom_right_y_3)| 1     |
pixelgenerator_pm/rectangle_pm/bottom_right_y_3__and0001(pixelgenerator_pm/rectangle_pm/bottom_right_y_3__and00011:O)| NONE(pixelgenerator_pm/rectangle_pm/bottom_right_y_3)| 1     |
pixelgenerator_pm/rectangle_pm/bottom_right_y_4__and0000(pixelgenerator_pm/rectangle_pm/bottom_right_y_4__and00001:O)| NONE(pixelgenerator_pm/rectangle_pm/bottom_right_y_4)| 1     |
pixelgenerator_pm/rectangle_pm/bottom_right_y_4__and0001(pixelgenerator_pm/rectangle_pm/bottom_right_y_4__and00011:O)| NONE(pixelgenerator_pm/rectangle_pm/bottom_right_y_4)| 1     |
pixelgenerator_pm/rectangle_pm/bottom_right_y_5__and0000(pixelgenerator_pm/rectangle_pm/bottom_right_y_5__and00001:O)| NONE(pixelgenerator_pm/rectangle_pm/bottom_right_y_5)| 1     |
pixelgenerator_pm/rectangle_pm/bottom_right_y_5__and0001(pixelgenerator_pm/rectangle_pm/bottom_right_y_5__and00011:O)| NONE(pixelgenerator_pm/rectangle_pm/bottom_right_y_5)| 1     |
pixelgenerator_pm/rectangle_pm/bottom_right_y_6__and0000(pixelgenerator_pm/rectangle_pm/bottom_right_y_6__and00001:O)| NONE(pixelgenerator_pm/rectangle_pm/bottom_right_y_6)| 1     |
pixelgenerator_pm/rectangle_pm/bottom_right_y_6__and0001(pixelgenerator_pm/rectangle_pm/bottom_right_y_6__and00011:O)| NONE(pixelgenerator_pm/rectangle_pm/bottom_right_y_6)| 1     |
pixelgenerator_pm/rectangle_pm/bottom_right_y_7__and0000(pixelgenerator_pm/rectangle_pm/bottom_right_y_7__and00001:O)| NONE(pixelgenerator_pm/rectangle_pm/bottom_right_y_7)| 1     |
pixelgenerator_pm/rectangle_pm/bottom_right_y_7__and0001(pixelgenerator_pm/rectangle_pm/bottom_right_y_7__and00011:O)| NONE(pixelgenerator_pm/rectangle_pm/bottom_right_y_7)| 1     |
pixelgenerator_pm/rectangle_pm/bottom_right_y_8__and0000(pixelgenerator_pm/rectangle_pm/bottom_right_y_8__and00001:O)| NONE(pixelgenerator_pm/rectangle_pm/bottom_right_y_8)| 1     |
pixelgenerator_pm/rectangle_pm/bottom_right_y_8__and0001(pixelgenerator_pm/rectangle_pm/bottom_right_y_8__and00011:O)| NONE(pixelgenerator_pm/rectangle_pm/bottom_right_y_8)| 1     |
pixelgenerator_pm/rectangle_pm/top_left_x_0__and0000(pixelgenerator_pm/rectangle_pm/top_left_x_0__and00001:O)        | NONE(pixelgenerator_pm/rectangle_pm/top_left_x_0)    | 1     |
pixelgenerator_pm/rectangle_pm/top_left_x_0__and0001(pixelgenerator_pm/rectangle_pm/top_left_x_0__and00011:O)        | NONE(pixelgenerator_pm/rectangle_pm/top_left_x_0)    | 1     |
pixelgenerator_pm/rectangle_pm/top_left_x_1__and0000(pixelgenerator_pm/rectangle_pm/top_left_x_1__and00001:O)        | NONE(pixelgenerator_pm/rectangle_pm/top_left_x_1)    | 1     |
pixelgenerator_pm/rectangle_pm/top_left_x_1__and0001(pixelgenerator_pm/rectangle_pm/top_left_x_1__and00011:O)        | NONE(pixelgenerator_pm/rectangle_pm/top_left_x_1)    | 1     |
pixelgenerator_pm/rectangle_pm/top_left_x_2__and0000(pixelgenerator_pm/rectangle_pm/top_left_x_2__and00001:O)        | NONE(pixelgenerator_pm/rectangle_pm/top_left_x_2)    | 1     |
pixelgenerator_pm/rectangle_pm/top_left_x_2__and0001(pixelgenerator_pm/rectangle_pm/top_left_x_2__and00011:O)        | NONE(pixelgenerator_pm/rectangle_pm/top_left_x_2)    | 1     |
pixelgenerator_pm/rectangle_pm/top_left_x_3__and0000(pixelgenerator_pm/rectangle_pm/top_left_x_3__and00001:O)        | NONE(pixelgenerator_pm/rectangle_pm/top_left_x_3)    | 1     |
pixelgenerator_pm/rectangle_pm/top_left_x_3__and0001(pixelgenerator_pm/rectangle_pm/top_left_x_3__and00011:O)        | NONE(pixelgenerator_pm/rectangle_pm/top_left_x_3)    | 1     |
pixelgenerator_pm/rectangle_pm/top_left_x_4__and0000(pixelgenerator_pm/rectangle_pm/top_left_x_4__and00001:O)        | NONE(pixelgenerator_pm/rectangle_pm/top_left_x_4)    | 1     |
pixelgenerator_pm/rectangle_pm/top_left_x_4__and0001(pixelgenerator_pm/rectangle_pm/top_left_x_4__and00011:O)        | NONE(pixelgenerator_pm/rectangle_pm/top_left_x_4)    | 1     |
pixelgenerator_pm/rectangle_pm/top_left_x_5__and0000(pixelgenerator_pm/rectangle_pm/top_left_x_5__and00001:O)        | NONE(pixelgenerator_pm/rectangle_pm/top_left_x_5)    | 1     |
pixelgenerator_pm/rectangle_pm/top_left_x_5__and0001(pixelgenerator_pm/rectangle_pm/top_left_x_5__and00011:O)        | NONE(pixelgenerator_pm/rectangle_pm/top_left_x_5)    | 1     |
pixelgenerator_pm/rectangle_pm/top_left_x_6__and0000(pixelgenerator_pm/rectangle_pm/top_left_x_6__and00001:O)        | NONE(pixelgenerator_pm/rectangle_pm/top_left_x_6)    | 1     |
pixelgenerator_pm/rectangle_pm/top_left_x_6__and0001(pixelgenerator_pm/rectangle_pm/top_left_x_6__and00011:O)        | NONE(pixelgenerator_pm/rectangle_pm/top_left_x_6)    | 1     |
pixelgenerator_pm/rectangle_pm/top_left_x_7__and0000(pixelgenerator_pm/rectangle_pm/top_left_x_7__and00001:O)        | NONE(pixelgenerator_pm/rectangle_pm/top_left_x_7)    | 1     |
pixelgenerator_pm/rectangle_pm/top_left_x_7__and0001(pixelgenerator_pm/rectangle_pm/top_left_x_7__and00011:O)        | NONE(pixelgenerator_pm/rectangle_pm/top_left_x_7)    | 1     |
pixelgenerator_pm/rectangle_pm/top_left_x_8__and0000(pixelgenerator_pm/rectangle_pm/top_left_x_8__and00001:O)        | NONE(pixelgenerator_pm/rectangle_pm/top_left_x_8)    | 1     |
pixelgenerator_pm/rectangle_pm/top_left_x_8__and0001(pixelgenerator_pm/rectangle_pm/top_left_x_8__and00011:O)        | NONE(pixelgenerator_pm/rectangle_pm/top_left_x_8)    | 1     |
pixelgenerator_pm/rectangle_pm/top_left_x_9__and0000(pixelgenerator_pm/rectangle_pm/top_left_x_9__and00001:O)        | NONE(pixelgenerator_pm/rectangle_pm/top_left_x_9)    | 1     |
pixelgenerator_pm/rectangle_pm/top_left_x_9__and0001(pixelgenerator_pm/rectangle_pm/top_left_x_9__and00011:O)        | NONE(pixelgenerator_pm/rectangle_pm/top_left_x_9)    | 1     |
pixelgenerator_pm/rectangle_pm/top_left_y_0__and0000(pixelgenerator_pm/rectangle_pm/top_left_y_0__and00001:O)        | NONE(pixelgenerator_pm/rectangle_pm/top_left_y_0)    | 1     |
pixelgenerator_pm/rectangle_pm/top_left_y_0__and0001(pixelgenerator_pm/rectangle_pm/top_left_y_0__and00011:O)        | NONE(pixelgenerator_pm/rectangle_pm/top_left_y_0)    | 1     |
pixelgenerator_pm/rectangle_pm/top_left_y_1__and0000(pixelgenerator_pm/rectangle_pm/top_left_y_1__and00001:O)        | NONE(pixelgenerator_pm/rectangle_pm/top_left_y_1)    | 1     |
pixelgenerator_pm/rectangle_pm/top_left_y_1__and0001(pixelgenerator_pm/rectangle_pm/top_left_y_1__and00011:O)        | NONE(pixelgenerator_pm/rectangle_pm/top_left_y_1)    | 1     |
pixelgenerator_pm/rectangle_pm/top_left_y_2__and0000(pixelgenerator_pm/rectangle_pm/top_left_y_2__and00001:O)        | NONE(pixelgenerator_pm/rectangle_pm/top_left_y_2)    | 1     |
pixelgenerator_pm/rectangle_pm/top_left_y_2__and0001(pixelgenerator_pm/rectangle_pm/top_left_y_2__and00011:O)        | NONE(pixelgenerator_pm/rectangle_pm/top_left_y_2)    | 1     |
pixelgenerator_pm/rectangle_pm/top_left_y_3__and0000(pixelgenerator_pm/rectangle_pm/top_left_y_3__and00001:O)        | NONE(pixelgenerator_pm/rectangle_pm/top_left_y_3)    | 1     |
pixelgenerator_pm/rectangle_pm/top_left_y_3__and0001(pixelgenerator_pm/rectangle_pm/top_left_y_3__and00011:O)        | NONE(pixelgenerator_pm/rectangle_pm/top_left_y_3)    | 1     |
pixelgenerator_pm/rectangle_pm/top_left_y_4__and0000(pixelgenerator_pm/rectangle_pm/top_left_y_4__and00001:O)        | NONE(pixelgenerator_pm/rectangle_pm/top_left_y_4)    | 1     |
pixelgenerator_pm/rectangle_pm/top_left_y_4__and0001(pixelgenerator_pm/rectangle_pm/top_left_y_4__and00011:O)        | NONE(pixelgenerator_pm/rectangle_pm/top_left_y_4)    | 1     |
pixelgenerator_pm/rectangle_pm/top_left_y_5__and0000(pixelgenerator_pm/rectangle_pm/top_left_y_5__and00001:O)        | NONE(pixelgenerator_pm/rectangle_pm/top_left_y_5)    | 1     |
pixelgenerator_pm/rectangle_pm/top_left_y_5__and0001(pixelgenerator_pm/rectangle_pm/top_left_y_5__and00011:O)        | NONE(pixelgenerator_pm/rectangle_pm/top_left_y_5)    | 1     |
pixelgenerator_pm/rectangle_pm/top_left_y_6__and0000(pixelgenerator_pm/rectangle_pm/top_left_y_6__and00001:O)        | NONE(pixelgenerator_pm/rectangle_pm/top_left_y_6)    | 1     |
pixelgenerator_pm/rectangle_pm/top_left_y_6__and0001(pixelgenerator_pm/rectangle_pm/top_left_y_6__and00011:O)        | NONE(pixelgenerator_pm/rectangle_pm/top_left_y_6)    | 1     |
pixelgenerator_pm/rectangle_pm/top_left_y_7__and0000(pixelgenerator_pm/rectangle_pm/top_left_y_7__and00001:O)        | NONE(pixelgenerator_pm/rectangle_pm/top_left_y_7)    | 1     |
pixelgenerator_pm/rectangle_pm/top_left_y_7__and0001(pixelgenerator_pm/rectangle_pm/top_left_y_7__and00011:O)        | NONE(pixelgenerator_pm/rectangle_pm/top_left_y_7)    | 1     |
pixelgenerator_pm/rectangle_pm/top_left_y_8__and0000(pixelgenerator_pm/rectangle_pm/top_left_y_8__and00001:O)        | NONE(pixelgenerator_pm/rectangle_pm/top_left_y_8)    | 1     |
pixelgenerator_pm/rectangle_pm/top_left_y_8__and0001(pixelgenerator_pm/rectangle_pm/top_left_y_8__and00011:O)        | NONE(pixelgenerator_pm/rectangle_pm/top_left_y_8)    | 1     |
---------------------------------------------------------------------------------------------------------------------+------------------------------------------------------+-------+

Timing Summary:
---------------
Speed Grade: -4

   Minimum period: 10.126ns (Maximum Frequency: 98.756MHz)
   Minimum input arrival time before clock: 6.227ns
   Maximum output required time after clock: 13.908ns
   Maximum combinational path delay: No path found

Timing Detail:
--------------
All values displayed in nanoseconds (ns)

=========================================================================
Timing constraint: Default period analysis for Clock 'vga_clk_in'
  Clock period: 10.126ns (frequency: 98.756MHz)
  Total number of paths / destination ports: 69678 / 74
-------------------------------------------------------------------------
Delay:               10.126ns (Levels of Logic = 40)
  Source:            signalgenerator_pm/hsync_pm/counter_0 (FF)
  Destination:       signalgenerator_pm/hsync_pm/counter_31 (FF)
  Source Clock:      vga_clk_in rising
  Destination Clock: vga_clk_in rising

  Data Path: signalgenerator_pm/hsync_pm/counter_0 to signalgenerator_pm/hsync_pm/counter_31
                                Gate     Net
    Cell:in->out      fanout   Delay   Delay  Logical Name (Net Name)
    ----------------------------------------  ------------
     FD:C->Q               4   0.591   0.730  signalgenerator_pm/hsync_pm/counter_0 (signalgenerator_pm/hsync_pm/counter_0)
     LUT2:I0->O            1   0.648   0.000  signalgenerator_pm/hsync_pm/Mcompar_hsync_out_or0000_lut<0>3 (signalgenerator_pm/hsync_pm/Mcompar_hsync_out_or0000_lut<0>3)
     MUXCY:S->O            1   0.632   0.000  signalgenerator_pm/hsync_pm/Mcompar_hsync_out_or0000_cy<0>_2 (signalgenerator_pm/hsync_pm/Mcompar_hsync_out_or0000_cy<0>3)
     MUXCY:CI->O           1   0.065   0.000  signalgenerator_pm/hsync_pm/Mcompar_hsync_out_or0000_cy<1>_2 (signalgenerator_pm/hsync_pm/Mcompar_hsync_out_or0000_cy<1>3)
     MUXCY:CI->O           1   0.065   0.000  signalgenerator_pm/hsync_pm/Mcompar_hsync_out_or0000_cy<2>_2 (signalgenerator_pm/hsync_pm/Mcompar_hsync_out_or0000_cy<2>3)
     MUXCY:CI->O           1   0.065   0.000  signalgenerator_pm/hsync_pm/Mcompar_hsync_out_or0000_cy<3>_2 (signalgenerator_pm/hsync_pm/Mcompar_hsync_out_or0000_cy<3>3)
     MUXCY:CI->O           1   0.065   0.000  signalgenerator_pm/hsync_pm/Mcompar_hsync_out_or0000_cy<4>_2 (signalgenerator_pm/hsync_pm/Mcompar_hsync_out_or0000_cy<4>3)
     MUXCY:CI->O           1   0.065   0.000  signalgenerator_pm/hsync_pm/Mcompar_hsync_out_or0000_cy<5>_2 (signalgenerator_pm/hsync_pm/Mcompar_hsync_out_or0000_cy<5>3)
     MUXCY:CI->O           1   0.065   0.000  signalgenerator_pm/hsync_pm/Mcompar_hsync_out_or0000_cy<6>_2 (signalgenerator_pm/hsync_pm/Mcompar_hsync_out_or0000_cy<6>3)
     MUXCY:CI->O           1   0.065   0.000  signalgenerator_pm/hsync_pm/Mcompar_hsync_out_or0000_cy<7>_2 (signalgenerator_pm/hsync_pm/Mcompar_hsync_out_or0000_cy<7>3)
     MUXCY:CI->O           1   0.065   0.000  signalgenerator_pm/hsync_pm/Mcompar_hsync_out_or0000_cy<8>_2 (signalgenerator_pm/hsync_pm/Mcompar_hsync_out_or0000_cy<8>2)
     MUXCY:CI->O           1   0.065   0.000  signalgenerator_pm/hsync_pm/Mcompar_hsync_out_or0000_cy<9>_1 (signalgenerator_pm/hsync_pm/Mcompar_hsync_out_or0000_cy<9>2)
     MUXCY:CI->O           1   0.065   0.000  signalgenerator_pm/hsync_pm/Mcompar_hsync_out_or0000_cy<10>_1 (signalgenerator_pm/hsync_pm/Mcompar_hsync_out_or0000_cy<10>2)
     MUXCY:CI->O           1   0.065   0.000  signalgenerator_pm/hsync_pm/Mcompar_hsync_out_or0000_cy<11>_1 (signalgenerator_pm/hsync_pm/Mcompar_hsync_out_or0000_cy<11>)
     MUXCY:CI->O           1   0.065   0.000  signalgenerator_pm/hsync_pm/Mcompar_hsync_out_or0000_cy<12> (signalgenerator_pm/hsync_pm/Mcompar_hsync_out_or0000_cy<12>)
     MUXCY:CI->O           1   0.065   0.000  signalgenerator_pm/hsync_pm/Mcompar_hsync_out_or0000_cy<13> (signalgenerator_pm/hsync_pm/Mcompar_hsync_out_or0000_cy<13>)
     MUXCY:CI->O          24   0.269   1.255  signalgenerator_pm/hsync_pm/Mcompar_hsync_out_or0000_cy<14> (signalgenerator_pm/hsync_pm/counter_cmp_le0001)
     LUT4:I3->O            8   0.648   0.837  signalgenerator_pm/hsync_pm/counter_mux0000<0>11_1 (signalgenerator_pm/hsync_pm/counter_mux0000<0>11)
     LUT2:I1->O            1   0.643   0.000  signalgenerator_pm/hsync_pm/counter_mux0000<10>1 (signalgenerator_pm/hsync_pm/counter_mux0000<10>)
     MUXCY:S->O            1   0.632   0.000  signalgenerator_pm/hsync_pm/Madd_counter_add0000_cy<10> (signalgenerator_pm/hsync_pm/Madd_counter_add0000_cy<10>)
     MUXCY:CI->O           1   0.065   0.000  signalgenerator_pm/hsync_pm/Madd_counter_add0000_cy<11> (signalgenerator_pm/hsync_pm/Madd_counter_add0000_cy<11>)
     MUXCY:CI->O           1   0.065   0.000  signalgenerator_pm/hsync_pm/Madd_counter_add0000_cy<12> (signalgenerator_pm/hsync_pm/Madd_counter_add0000_cy<12>)
     MUXCY:CI->O           1   0.065   0.000  signalgenerator_pm/hsync_pm/Madd_counter_add0000_cy<13> (signalgenerator_pm/hsync_pm/Madd_counter_add0000_cy<13>)
     MUXCY:CI->O           1   0.065   0.000  signalgenerator_pm/hsync_pm/Madd_counter_add0000_cy<14> (signalgenerator_pm/hsync_pm/Madd_counter_add0000_cy<14>)
     MUXCY:CI->O           1   0.065   0.000  signalgenerator_pm/hsync_pm/Madd_counter_add0000_cy<15> (signalgenerator_pm/hsync_pm/Madd_counter_add0000_cy<15>)
     MUXCY:CI->O           1   0.065   0.000  signalgenerator_pm/hsync_pm/Madd_counter_add0000_cy<16> (signalgenerator_pm/hsync_pm/Madd_counter_add0000_cy<16>)
     MUXCY:CI->O           1   0.065   0.000  signalgenerator_pm/hsync_pm/Madd_counter_add0000_cy<17> (signalgenerator_pm/hsync_pm/Madd_counter_add0000_cy<17>)
     MUXCY:CI->O           1   0.065   0.000  signalgenerator_pm/hsync_pm/Madd_counter_add0000_cy<18> (signalgenerator_pm/hsync_pm/Madd_counter_add0000_cy<18>)
     MUXCY:CI->O           1   0.065   0.000  signalgenerator_pm/hsync_pm/Madd_counter_add0000_cy<19> (signalgenerator_pm/hsync_pm/Madd_counter_add0000_cy<19>)
     MUXCY:CI->O           1   0.065   0.000  signalgenerator_pm/hsync_pm/Madd_counter_add0000_cy<20> (signalgenerator_pm/hsync_pm/Madd_counter_add0000_cy<20>)
     MUXCY:CI->O           1   0.065   0.000  signalgenerator_pm/hsync_pm/Madd_counter_add0000_cy<21> (signalgenerator_pm/hsync_pm/Madd_counter_add0000_cy<21>)
     MUXCY:CI->O           1   0.065   0.000  signalgenerator_pm/hsync_pm/Madd_counter_add0000_cy<22> (signalgenerator_pm/hsync_pm/Madd_counter_add0000_cy<22>)
     MUXCY:CI->O           1   0.065   0.000  signalgenerator_pm/hsync_pm/Madd_counter_add0000_cy<23> (signalgenerator_pm/hsync_pm/Madd_counter_add0000_cy<23>)
     MUXCY:CI->O           1   0.065   0.000  signalgenerator_pm/hsync_pm/Madd_counter_add0000_cy<24> (signalgenerator_pm/hsync_pm/Madd_counter_add0000_cy<24>)
     MUXCY:CI->O           1   0.065   0.000  signalgenerator_pm/hsync_pm/Madd_counter_add0000_cy<25> (signalgenerator_pm/hsync_pm/Madd_counter_add0000_cy<25>)
     MUXCY:CI->O           1   0.065   0.000  signalgenerator_pm/hsync_pm/Madd_counter_add0000_cy<26> (signalgenerator_pm/hsync_pm/Madd_counter_add0000_cy<26>)
     MUXCY:CI->O           1   0.065   0.000  signalgenerator_pm/hsync_pm/Madd_counter_add0000_cy<27> (signalgenerator_pm/hsync_pm/Madd_counter_add0000_cy<27>)
     MUXCY:CI->O           1   0.065   0.000  signalgenerator_pm/hsync_pm/Madd_counter_add0000_cy<28> (signalgenerator_pm/hsync_pm/Madd_counter_add0000_cy<28>)
     MUXCY:CI->O           1   0.065   0.000  signalgenerator_pm/hsync_pm/Madd_counter_add0000_cy<29> (signalgenerator_pm/hsync_pm/Madd_counter_add0000_cy<29>)
     MUXCY:CI->O           0   0.065   0.000  signalgenerator_pm/hsync_pm/Madd_counter_add0000_cy<30> (signalgenerator_pm/hsync_pm/Madd_counter_add0000_cy<30>)
     XORCY:CI->O           1   0.844   0.000  signalgenerator_pm/hsync_pm/Madd_counter_add0000_xor<31> (signalgenerator_pm/hsync_pm/counter_add0000<31>)
     FD:D                      0.252          signalgenerator_pm/hsync_pm/counter_31
    ----------------------------------------
    Total                     10.126ns (7.304ns logic, 2.822ns route)
                                       (72.1% logic, 27.9% route)

=========================================================================
Timing constraint: Default period analysis for Clock 'signalgenerator_pm/hsync_pm/hsync_out1'
  Clock period: 9.251ns (frequency: 108.092MHz)
  Total number of paths / destination ports: 54513 / 61
-------------------------------------------------------------------------
Delay:               9.251ns (Levels of Logic = 46)
  Source:            signalgenerator_pm/vsync_pm/counter_0 (LATCH)
  Destination:       signalgenerator_pm/vsync_pm/counter_31 (LATCH)
  Source Clock:      signalgenerator_pm/hsync_pm/hsync_out1 rising
  Destination Clock: signalgenerator_pm/hsync_pm/hsync_out1 rising

  Data Path: signalgenerator_pm/vsync_pm/counter_0 to signalgenerator_pm/vsync_pm/counter_31
                                Gate     Net
    Cell:in->out      fanout   Delay   Delay  Logical Name (Net Name)
    ----------------------------------------  ------------
     LD_1:G->Q             4   0.728   0.730  signalgenerator_pm/vsync_pm/counter_0 (signalgenerator_pm/vsync_pm/counter_0)
     LUT2:I0->O            1   0.648   0.000  signalgenerator_pm/vsync_pm/Mcompar_counter_cmp_le0002_lut<0> (signalgenerator_pm/vsync_pm/Mcompar_counter_cmp_le0002_lut<0>)
     MUXCY:S->O            1   0.632   0.000  signalgenerator_pm/vsync_pm/Mcompar_counter_cmp_le0002_cy<0> (signalgenerator_pm/vsync_pm/Mcompar_counter_cmp_le0002_cy<0>)
     MUXCY:CI->O           1   0.065   0.000  signalgenerator_pm/vsync_pm/Mcompar_counter_cmp_le0002_cy<1> (signalgenerator_pm/vsync_pm/Mcompar_counter_cmp_le0002_cy<1>)
     MUXCY:CI->O           1   0.065   0.000  signalgenerator_pm/vsync_pm/Mcompar_counter_cmp_le0002_cy<2> (signalgenerator_pm/vsync_pm/Mcompar_counter_cmp_le0002_cy<2>)
     MUXCY:CI->O           1   0.065   0.000  signalgenerator_pm/vsync_pm/Mcompar_counter_cmp_le0002_cy<3> (signalgenerator_pm/vsync_pm/Mcompar_counter_cmp_le0002_cy<3>)
     MUXCY:CI->O           1   0.065   0.000  signalgenerator_pm/vsync_pm/Mcompar_counter_cmp_le0002_cy<4> (signalgenerator_pm/vsync_pm/Mcompar_counter_cmp_le0002_cy<4>)
     MUXCY:CI->O           1   0.065   0.000  signalgenerator_pm/vsync_pm/Mcompar_counter_cmp_le0002_cy<5> (signalgenerator_pm/vsync_pm/Mcompar_counter_cmp_le0002_cy<5>)
     MUXCY:CI->O           1   0.065   0.000  signalgenerator_pm/vsync_pm/Mcompar_counter_cmp_le0002_cy<6> (signalgenerator_pm/vsync_pm/Mcompar_counter_cmp_le0002_cy<6>)
     MUXCY:CI->O           1   0.065   0.000  signalgenerator_pm/vsync_pm/Mcompar_counter_cmp_le0002_cy<7> (signalgenerator_pm/vsync_pm/Mcompar_counter_cmp_le0002_cy<7>)
     MUXCY:CI->O           1   0.065   0.000  signalgenerator_pm/vsync_pm/Mcompar_counter_cmp_le0002_cy<8> (signalgenerator_pm/vsync_pm/Mcompar_counter_cmp_le0002_cy<8>)
     MUXCY:CI->O           1   0.065   0.000  signalgenerator_pm/vsync_pm/Mcompar_counter_cmp_le0002_cy<9> (signalgenerator_pm/vsync_pm/Mcompar_counter_cmp_le0002_cy<9>)
     MUXCY:CI->O           1   0.065   0.000  signalgenerator_pm/vsync_pm/Mcompar_counter_cmp_le0002_cy<10> (signalgenerator_pm/vsync_pm/Mcompar_counter_cmp_le0002_cy<10>)
     MUXCY:CI->O          42   0.269   1.268  signalgenerator_pm/vsync_pm/Mcompar_counter_cmp_le0002_cy<11> (signalgenerator_pm/vsync_pm/counter_cmp_le0002)
     LUT4:I3->O            1   0.648   0.000  signalgenerator_pm/vsync_pm/Madd_counter_add0000_lut<0> (signalgenerator_pm/vsync_pm/Madd_counter_add0000_lut<0>)
     MUXCY:S->O            1   0.632   0.000  signalgenerator_pm/vsync_pm/Madd_counter_add0000_cy<0> (signalgenerator_pm/vsync_pm/Madd_counter_add0000_cy<0>)
     MUXCY:CI->O           1   0.065   0.000  signalgenerator_pm/vsync_pm/Madd_counter_add0000_cy<1> (signalgenerator_pm/vsync_pm/Madd_counter_add0000_cy<1>)
     MUXCY:CI->O           1   0.065   0.000  signalgenerator_pm/vsync_pm/Madd_counter_add0000_cy<2> (signalgenerator_pm/vsync_pm/Madd_counter_add0000_cy<2>)
     MUXCY:CI->O           1   0.065   0.000  signalgenerator_pm/vsync_pm/Madd_counter_add0000_cy<3> (signalgenerator_pm/vsync_pm/Madd_counter_add0000_cy<3>)
     MUXCY:CI->O           1   0.065   0.000  signalgenerator_pm/vsync_pm/Madd_counter_add0000_cy<4> (signalgenerator_pm/vsync_pm/Madd_counter_add0000_cy<4>)
     MUXCY:CI->O           1   0.065   0.000  signalgenerator_pm/vsync_pm/Madd_counter_add0000_cy<5> (signalgenerator_pm/vsync_pm/Madd_counter_add0000_cy<5>)
     MUXCY:CI->O           1   0.065   0.000  signalgenerator_pm/vsync_pm/Madd_counter_add0000_cy<6> (signalgenerator_pm/vsync_pm/Madd_counter_add0000_cy<6>)
     MUXCY:CI->O           1   0.065   0.000  signalgenerator_pm/vsync_pm/Madd_counter_add0000_cy<7> (signalgenerator_pm/vsync_pm/Madd_counter_add0000_cy<7>)
     MUXCY:CI->O           1   0.065   0.000  signalgenerator_pm/vsync_pm/Madd_counter_add0000_cy<8> (signalgenerator_pm/vsync_pm/Madd_counter_add0000_cy<8>)
     MUXCY:CI->O           1   0.065   0.000  signalgenerator_pm/vsync_pm/Madd_counter_add0000_cy<9> (signalgenerator_pm/vsync_pm/Madd_counter_add0000_cy<9>)
     MUXCY:CI->O           1   0.065   0.000  signalgenerator_pm/vsync_pm/Madd_counter_add0000_cy<10> (signalgenerator_pm/vsync_pm/Madd_counter_add0000_cy<10>)
     MUXCY:CI->O           1   0.065   0.000  signalgenerator_pm/vsync_pm/Madd_counter_add0000_cy<11> (signalgenerator_pm/vsync_pm/Madd_counter_add0000_cy<11>)
     MUXCY:CI->O           1   0.065   0.000  signalgenerator_pm/vsync_pm/Madd_counter_add0000_cy<12> (signalgenerator_pm/vsync_pm/Madd_counter_add0000_cy<12>)
     MUXCY:CI->O           1   0.065   0.000  signalgenerator_pm/vsync_pm/Madd_counter_add0000_cy<13> (signalgenerator_pm/vsync_pm/Madd_counter_add0000_cy<13>)
     MUXCY:CI->O           1   0.065   0.000  signalgenerator_pm/vsync_pm/Madd_counter_add0000_cy<14> (signalgenerator_pm/vsync_pm/Madd_counter_add0000_cy<14>)
     MUXCY:CI->O           1   0.065   0.000  signalgenerator_pm/vsync_pm/Madd_counter_add0000_cy<15> (signalgenerator_pm/vsync_pm/Madd_counter_add0000_cy<15>)
     MUXCY:CI->O           1   0.065   0.000  signalgenerator_pm/vsync_pm/Madd_counter_add0000_cy<16> (signalgenerator_pm/vsync_pm/Madd_counter_add0000_cy<16>)
     MUXCY:CI->O           1   0.065   0.000  signalgenerator_pm/vsync_pm/Madd_counter_add0000_cy<17> (signalgenerator_pm/vsync_pm/Madd_counter_add0000_cy<17>)
     MUXCY:CI->O           1   0.065   0.000  signalgenerator_pm/vsync_pm/Madd_counter_add0000_cy<18> (signalgenerator_pm/vsync_pm/Madd_counter_add0000_cy<18>)
     MUXCY:CI->O           1   0.065   0.000  signalgenerator_pm/vsync_pm/Madd_counter_add0000_cy<19> (signalgenerator_pm/vsync_pm/Madd_counter_add0000_cy<19>)
     MUXCY:CI->O           1   0.065   0.000  signalgenerator_pm/vsync_pm/Madd_counter_add0000_cy<20> (signalgenerator_pm/vsync_pm/Madd_counter_add0000_cy<20>)
     MUXCY:CI->O           1   0.065   0.000  signalgenerator_pm/vsync_pm/Madd_counter_add0000_cy<21> (signalgenerator_pm/vsync_pm/Madd_counter_add0000_cy<21>)
     MUXCY:CI->O           1   0.065   0.000  signalgenerator_pm/vsync_pm/Madd_counter_add0000_cy<22> (signalgenerator_pm/vsync_pm/Madd_counter_add0000_cy<22>)
     MUXCY:CI->O           1   0.065   0.000  signalgenerator_pm/vsync_pm/Madd_counter_add0000_cy<23> (signalgenerator_pm/vsync_pm/Madd_counter_add0000_cy<23>)
     MUXCY:CI->O           1   0.065   0.000  signalgenerator_pm/vsync_pm/Madd_counter_add0000_cy<24> (signalgenerator_pm/vsync_pm/Madd_counter_add0000_cy<24>)
     MUXCY:CI->O           1   0.065   0.000  signalgenerator_pm/vsync_pm/Madd_counter_add0000_cy<25> (signalgenerator_pm/vsync_pm/Madd_counter_add0000_cy<25>)
     MUXCY:CI->O           1   0.065   0.000  signalgenerator_pm/vsync_pm/Madd_counter_add0000_cy<26> (signalgenerator_pm/vsync_pm/Madd_counter_add0000_cy<26>)
     MUXCY:CI->O           1   0.065   0.000  signalgenerator_pm/vsync_pm/Madd_counter_add0000_cy<27> (signalgenerator_pm/vsync_pm/Madd_counter_add0000_cy<27>)
     MUXCY:CI->O           1   0.065   0.000  signalgenerator_pm/vsync_pm/Madd_counter_add0000_cy<28> (signalgenerator_pm/vsync_pm/Madd_counter_add0000_cy<28>)
     MUXCY:CI->O           1   0.065   0.000  signalgenerator_pm/vsync_pm/Madd_counter_add0000_cy<29> (signalgenerator_pm/vsync_pm/Madd_counter_add0000_cy<29>)
     MUXCY:CI->O           0   0.065   0.000  signalgenerator_pm/vsync_pm/Madd_counter_add0000_cy<30> (signalgenerator_pm/vsync_pm/Madd_counter_add0000_cy<30>)
     XORCY:CI->O           1   0.844   0.000  signalgenerator_pm/vsync_pm/Madd_counter_add0000_xor<31> (signalgenerator_pm/vsync_pm/counter_add0000<31>)
     LD_1:D                    0.252          signalgenerator_pm/vsync_pm/counter_31
    ----------------------------------------
    Total                      9.251ns (7.253ns logic, 1.998ns route)
                                       (78.4% logic, 21.6% route)

=========================================================================
Timing constraint: Default period analysis for Clock 'vga_left'
  Clock period: 7.982ns (frequency: 125.282MHz)
  Total number of paths / destination ports: 660 / 20
-------------------------------------------------------------------------
Delay:               7.982ns (Levels of Logic = 13)
  Source:            pixelgenerator_pm/rectangle_pm/bottom_right_x_1 (LATCH)
  Destination:       pixelgenerator_pm/rectangle_pm/bottom_right_x_9 (LATCH)
  Source Clock:      vga_left falling
  Destination Clock: vga_left falling

  Data Path: pixelgenerator_pm/rectangle_pm/bottom_right_x_1 to pixelgenerator_pm/rectangle_pm/bottom_right_x_9
                                Gate     Net
    Cell:in->out      fanout   Delay   Delay  Logical Name (Net Name)
    ----------------------------------------  ------------
     LDCP:G->Q             3   0.728   0.674  pixelgenerator_pm/rectangle_pm/bottom_right_x_1 (pixelgenerator_pm/rectangle_pm/bottom_right_x_1)
     LUT1:I0->O            1   0.648   0.000  pixelgenerator_pm/rectangle_pm/Madd_bottom_right_x_add0000_cy<1>_rt (pixelgenerator_pm/rectangle_pm/Madd_bottom_right_x_add0000_cy<1>_rt)
     MUXCY:S->O            1   0.632   0.000  pixelgenerator_pm/rectangle_pm/Madd_bottom_right_x_add0000_cy<1> (pixelgenerator_pm/rectangle_pm/Madd_bottom_right_x_add0000_cy<1>)
     MUXCY:CI->O           1   0.065   0.000  pixelgenerator_pm/rectangle_pm/Madd_bottom_right_x_add0000_cy<2> (pixelgenerator_pm/rectangle_pm/Madd_bottom_right_x_add0000_cy<2>)
     MUXCY:CI->O           1   0.065   0.000  pixelgenerator_pm/rectangle_pm/Madd_bottom_right_x_add0000_cy<3> (pixelgenerator_pm/rectangle_pm/Madd_bottom_right_x_add0000_cy<3>)
     MUXCY:CI->O           1   0.065   0.000  pixelgenerator_pm/rectangle_pm/Madd_bottom_right_x_add0000_cy<4> (pixelgenerator_pm/rectangle_pm/Madd_bottom_right_x_add0000_cy<4>)
     MUXCY:CI->O           1   0.065   0.000  pixelgenerator_pm/rectangle_pm/Madd_bottom_right_x_add0000_cy<5> (pixelgenerator_pm/rectangle_pm/Madd_bottom_right_x_add0000_cy<5>)
     MUXCY:CI->O           1   0.065   0.000  pixelgenerator_pm/rectangle_pm/Madd_bottom_right_x_add0000_cy<6> (pixelgenerator_pm/rectangle_pm/Madd_bottom_right_x_add0000_cy<6>)
     MUXCY:CI->O           1   0.065   0.000  pixelgenerator_pm/rectangle_pm/Madd_bottom_right_x_add0000_cy<7> (pixelgenerator_pm/rectangle_pm/Madd_bottom_right_x_add0000_cy<7>)
     XORCY:CI->O           2   0.844   0.479  pixelgenerator_pm/rectangle_pm/Madd_bottom_right_x_add0000_xor<8> (pixelgenerator_pm/rectangle_pm/bottom_right_x_add0000<8>)
     LUT3:I2->O            1   0.648   0.000  pixelgenerator_pm/rectangle_pm/Msub_bottom_right_x_addsub0000_lut<8> (pixelgenerator_pm/rectangle_pm/Msub_bottom_right_x_addsub0000_lut<8>)
     MUXCY:S->O            0   0.632   0.000  pixelgenerator_pm/rectangle_pm/Msub_bottom_right_x_addsub0000_cy<8> (pixelgenerator_pm/rectangle_pm/Msub_bottom_right_x_addsub0000_cy<8>)
     XORCY:CI->O           3   0.844   0.563  pixelgenerator_pm/rectangle_pm/Msub_bottom_right_x_addsub0000_xor<9> (pixelgenerator_pm/rectangle_pm/bottom_right_x_addsub0000<9>)
     LUT3:I2->O            1   0.648   0.000  pixelgenerator_pm/rectangle_pm/bottom_right_x_mux0002<9>1 (pixelgenerator_pm/rectangle_pm/bottom_right_x_mux0002<9>)
     LDCP:D                    0.252          pixelgenerator_pm/rectangle_pm/bottom_right_x_9
    ----------------------------------------
    Total                      7.982ns (6.266ns logic, 1.716ns route)
                                       (78.5% logic, 21.5% route)

=========================================================================
Timing constraint: Default period analysis for Clock 'vga_up'
  Clock period: 7.917ns (frequency: 126.310MHz)
  Total number of paths / destination ports: 510 / 18
-------------------------------------------------------------------------
Delay:               7.917ns (Levels of Logic = 12)
  Source:            pixelgenerator_pm/rectangle_pm/bottom_right_y_1 (LATCH)
  Destination:       pixelgenerator_pm/rectangle_pm/bottom_right_y_8 (LATCH)
  Source Clock:      vga_up falling
  Destination Clock: vga_up falling

  Data Path: pixelgenerator_pm/rectangle_pm/bottom_right_y_1 to pixelgenerator_pm/rectangle_pm/bottom_right_y_8
                                Gate     Net
    Cell:in->out      fanout   Delay   Delay  Logical Name (Net Name)
    ----------------------------------------  ------------
     LDCP:G->Q             3   0.728   0.674  pixelgenerator_pm/rectangle_pm/bottom_right_y_1 (pixelgenerator_pm/rectangle_pm/bottom_right_y_1)
     LUT1:I0->O            1   0.648   0.000  pixelgenerator_pm/rectangle_pm/Madd_bottom_right_y_add0000_cy<1>_rt (pixelgenerator_pm/rectangle_pm/Madd_bottom_right_y_add0000_cy<1>_rt)
     MUXCY:S->O            1   0.632   0.000  pixelgenerator_pm/rectangle_pm/Madd_bottom_right_y_add0000_cy<1> (pixelgenerator_pm/rectangle_pm/Madd_bottom_right_y_add0000_cy<1>)
     MUXCY:CI->O           1   0.065   0.000  pixelgenerator_pm/rectangle_pm/Madd_bottom_right_y_add0000_cy<2> (pixelgenerator_pm/rectangle_pm/Madd_bottom_right_y_add0000_cy<2>)
     MUXCY:CI->O           1   0.065   0.000  pixelgenerator_pm/rectangle_pm/Madd_bottom_right_y_add0000_cy<3> (pixelgenerator_pm/rectangle_pm/Madd_bottom_right_y_add0000_cy<3>)
     MUXCY:CI->O           1   0.065   0.000  pixelgenerator_pm/rectangle_pm/Madd_bottom_right_y_add0000_cy<4> (pixelgenerator_pm/rectangle_pm/Madd_bottom_right_y_add0000_cy<4>)
     MUXCY:CI->O           1   0.065   0.000  pixelgenerator_pm/rectangle_pm/Madd_bottom_right_y_add0000_cy<5> (pixelgenerator_pm/rectangle_pm/Madd_bottom_right_y_add0000_cy<5>)
     MUXCY:CI->O           1   0.065   0.000  pixelgenerator_pm/rectangle_pm/Madd_bottom_right_y_add0000_cy<6> (pixelgenerator_pm/rectangle_pm/Madd_bottom_right_y_add0000_cy<6>)
     XORCY:CI->O           2   0.844   0.479  pixelgenerator_pm/rectangle_pm/Madd_bottom_right_y_add0000_xor<7> (pixelgenerator_pm/rectangle_pm/bottom_right_y_add0000<7>)
     LUT3:I2->O            1   0.648   0.000  pixelgenerator_pm/rectangle_pm/Msub_bottom_right_y_addsub0000_lut<7> (pixelgenerator_pm/rectangle_pm/Msub_bottom_right_y_addsub0000_lut<7>)
     MUXCY:S->O            0   0.632   0.000  pixelgenerator_pm/rectangle_pm/Msub_bottom_right_y_addsub0000_cy<7> (pixelgenerator_pm/rectangle_pm/Msub_bottom_right_y_addsub0000_cy<7>)
     XORCY:CI->O           3   0.844   0.563  pixelgenerator_pm/rectangle_pm/Msub_bottom_right_y_addsub0000_xor<8> (pixelgenerator_pm/rectangle_pm/bottom_right_y_addsub0000<8>)
     LUT3:I2->O            1   0.648   0.000  pixelgenerator_pm/rectangle_pm/bottom_right_y_mux0002<8>1 (pixelgenerator_pm/rectangle_pm/bottom_right_y_mux0002<8>)
     LDCP:D                    0.252          pixelgenerator_pm/rectangle_pm/bottom_right_y_8
    ----------------------------------------
    Total                      7.917ns (6.201ns logic, 1.716ns route)
                                       (78.3% logic, 21.7% route)

=========================================================================
Timing constraint: Default OFFSET IN BEFORE for Clock 'vga_left'
  Total number of paths / destination ports: 130 / 20
-------------------------------------------------------------------------
Offset:              6.227ns (Levels of Logic = 13)
  Source:            vga_left (PAD)
  Destination:       pixelgenerator_pm/rectangle_pm/bottom_right_x_9 (LATCH)
  Destination Clock: vga_left falling

  Data Path: vga_left to pixelgenerator_pm/rectangle_pm/bottom_right_x_9
                                Gate     Net
    Cell:in->out      fanout   Delay   Delay  Logical Name (Net Name)
    ----------------------------------------  ------------
     IBUF:I->O            21   0.849   1.271  vga_left_IBUF (vga_left_IBUF1)
     LUT3:I0->O            1   0.648   0.000  pixelgenerator_pm/rectangle_pm/top_left_x_mux0000<0>1 (pixelgenerator_pm/rectangle_pm/top_left_x_mux0000<0>)
     MUXCY:S->O            1   0.632   0.000  pixelgenerator_pm/rectangle_pm/Msub_top_left_x_addsub0000_cy<0> (pixelgenerator_pm/rectangle_pm/Msub_top_left_x_addsub0000_cy<0>)
     MUXCY:CI->O           1   0.065   0.000  pixelgenerator_pm/rectangle_pm/Msub_top_left_x_addsub0000_cy<1> (pixelgenerator_pm/rectangle_pm/Msub_top_left_x_addsub0000_cy<1>)
     MUXCY:CI->O           1   0.065   0.000  pixelgenerator_pm/rectangle_pm/Msub_top_left_x_addsub0000_cy<2> (pixelgenerator_pm/rectangle_pm/Msub_top_left_x_addsub0000_cy<2>)
     MUXCY:CI->O           1   0.065   0.000  pixelgenerator_pm/rectangle_pm/Msub_top_left_x_addsub0000_cy<3> (pixelgenerator_pm/rectangle_pm/Msub_top_left_x_addsub0000_cy<3>)
     MUXCY:CI->O           1   0.065   0.000  pixelgenerator_pm/rectangle_pm/Msub_top_left_x_addsub0000_cy<4> (pixelgenerator_pm/rectangle_pm/Msub_top_left_x_addsub0000_cy<4>)
     MUXCY:CI->O           1   0.065   0.000  pixelgenerator_pm/rectangle_pm/Msub_top_left_x_addsub0000_cy<5> (pixelgenerator_pm/rectangle_pm/Msub_top_left_x_addsub0000_cy<5>)
     MUXCY:CI->O           1   0.065   0.000  pixelgenerator_pm/rectangle_pm/Msub_top_left_x_addsub0000_cy<6> (pixelgenerator_pm/rectangle_pm/Msub_top_left_x_addsub0000_cy<6>)
     MUXCY:CI->O           1   0.065   0.000  pixelgenerator_pm/rectangle_pm/Msub_top_left_x_addsub0000_cy<7> (pixelgenerator_pm/rectangle_pm/Msub_top_left_x_addsub0000_cy<7>)
     MUXCY:CI->O           0   0.065   0.000  pixelgenerator_pm/rectangle_pm/Msub_top_left_x_addsub0000_cy<8> (pixelgenerator_pm/rectangle_pm/Msub_top_left_x_addsub0000_cy<8>)
     XORCY:CI->O           3   0.844   0.563  pixelgenerator_pm/rectangle_pm/Msub_top_left_x_addsub0000_xor<9> (pixelgenerator_pm/rectangle_pm/top_left_x_addsub0000<9>)
     LUT3:I2->O            1   0.648   0.000  pixelgenerator_pm/rectangle_pm/top_left_x_mux0002<9>1 (pixelgenerator_pm/rectangle_pm/top_left_x_mux0002<9>)
     LDCP:D                    0.252          pixelgenerator_pm/rectangle_pm/top_left_x_9
    ----------------------------------------
    Total                      6.227ns (4.393ns logic, 1.834ns route)
                                       (70.5% logic, 29.5% route)

=========================================================================
Timing constraint: Default OFFSET IN BEFORE for Clock 'vga_up'
  Total number of paths / destination ports: 108 / 18
-------------------------------------------------------------------------
Offset:              6.119ns (Levels of Logic = 12)
  Source:            vga_up (PAD)
  Destination:       pixelgenerator_pm/rectangle_pm/bottom_right_y_8 (LATCH)
  Destination Clock: vga_up falling

  Data Path: vga_up to pixelgenerator_pm/rectangle_pm/bottom_right_y_8
                                Gate     Net
    Cell:in->out      fanout   Delay   Delay  Logical Name (Net Name)
    ----------------------------------------  ------------
     IBUF:I->O            19   0.849   1.228  vga_up_IBUF (vga_up_IBUF1)
     LUT3:I0->O            1   0.648   0.000  pixelgenerator_pm/rectangle_pm/top_left_y_mux0000<0>1 (pixelgenerator_pm/rectangle_pm/top_left_y_mux0000<0>)
     MUXCY:S->O            1   0.632   0.000  pixelgenerator_pm/rectangle_pm/Msub_top_left_y_addsub0000_cy<0> (pixelgenerator_pm/rectangle_pm/Msub_top_left_y_addsub0000_cy<0>)
     MUXCY:CI->O           1   0.065   0.000  pixelgenerator_pm/rectangle_pm/Msub_top_left_y_addsub0000_cy<1> (pixelgenerator_pm/rectangle_pm/Msub_top_left_y_addsub0000_cy<1>)
     MUXCY:CI->O           1   0.065   0.000  pixelgenerator_pm/rectangle_pm/Msub_top_left_y_addsub0000_cy<2> (pixelgenerator_pm/rectangle_pm/Msub_top_left_y_addsub0000_cy<2>)
     MUXCY:CI->O           1   0.065   0.000  pixelgenerator_pm/rectangle_pm/Msub_top_left_y_addsub0000_cy<3> (pixelgenerator_pm/rectangle_pm/Msub_top_left_y_addsub0000_cy<3>)
     MUXCY:CI->O           1   0.065   0.000  pixelgenerator_pm/rectangle_pm/Msub_top_left_y_addsub0000_cy<4> (pixelgenerator_pm/rectangle_pm/Msub_top_left_y_addsub0000_cy<4>)
     MUXCY:CI->O           1   0.065   0.000  pixelgenerator_pm/rectangle_pm/Msub_top_left_y_addsub0000_cy<5> (pixelgenerator_pm/rectangle_pm/Msub_top_left_y_addsub0000_cy<5>)
     MUXCY:CI->O           1   0.065   0.000  pixelgenerator_pm/rectangle_pm/Msub_top_left_y_addsub0000_cy<6> (pixelgenerator_pm/rectangle_pm/Msub_top_left_y_addsub0000_cy<6>)
     MUXCY:CI->O           0   0.065   0.000  pixelgenerator_pm/rectangle_pm/Msub_top_left_y_addsub0000_cy<7> (pixelgenerator_pm/rectangle_pm/Msub_top_left_y_addsub0000_cy<7>)
     XORCY:CI->O           3   0.844   0.563  pixelgenerator_pm/rectangle_pm/Msub_top_left_y_addsub0000_xor<8> (pixelgenerator_pm/rectangle_pm/top_left_y_addsub0000<8>)
     LUT3:I2->O            1   0.648   0.000  pixelgenerator_pm/rectangle_pm/top_left_y_mux0002<8>1 (pixelgenerator_pm/rectangle_pm/top_left_y_mux0002<8>)
     LDCP:D                    0.252          pixelgenerator_pm/rectangle_pm/top_left_y_8
    ----------------------------------------
    Total                      6.119ns (4.328ns logic, 1.791ns route)
                                       (70.7% logic, 29.3% route)

=========================================================================
Timing constraint: Default OFFSET OUT AFTER for Clock 'vga_clk_in'
  Total number of paths / destination ports: 851 / 13
-------------------------------------------------------------------------
Offset:              13.494ns (Levels of Logic = 11)
  Source:            signalgenerator_pm/hsync_pm/hsync_row_0 (FF)
  Destination:       vga_red<3> (PAD)
  Source Clock:      vga_clk_in rising

  Data Path: signalgenerator_pm/hsync_pm/hsync_row_0 to vga_red<3>
                                Gate     Net
    Cell:in->out      fanout   Delay   Delay  Logical Name (Net Name)
    ----------------------------------------  ------------
     FDS:C->Q              4   0.591   0.730  signalgenerator_pm/hsync_pm/hsync_row_0 (signalgenerator_pm/hsync_pm/hsync_row_0)
     LUT2:I0->O            1   0.648   0.000  pixelgenerator_pm/whiteborder_pm/Mcompar_green_gen_cmp_gt0001_lut<0> (pixelgenerator_pm/whiteborder_pm/Mcompar_green_gen_cmp_gt0001_lut<0>)
     MUXCY:S->O            1   0.632   0.000  pixelgenerator_pm/whiteborder_pm/Mcompar_green_gen_cmp_gt0001_cy<0> (pixelgenerator_pm/whiteborder_pm/Mcompar_green_gen_cmp_gt0001_cy<0>)
     MUXCY:CI->O           1   0.065   0.000  pixelgenerator_pm/whiteborder_pm/Mcompar_green_gen_cmp_gt0001_cy<1> (pixelgenerator_pm/whiteborder_pm/Mcompar_green_gen_cmp_gt0001_cy<1>)
     MUXCY:CI->O           1   0.065   0.000  pixelgenerator_pm/whiteborder_pm/Mcompar_green_gen_cmp_gt0001_cy<2> (pixelgenerator_pm/whiteborder_pm/Mcompar_green_gen_cmp_gt0001_cy<2>)
     MUXCY:CI->O           1   0.269   0.500  pixelgenerator_pm/whiteborder_pm/Mcompar_green_gen_cmp_gt0001_cy<3> (pixelgenerator_pm/whiteborder_pm/green_gen_cmp_le0002)
     LUT4:I1->O            1   0.643   0.563  pixelgenerator_pm/whiteborder_pm/blue_gen<0>243 (pixelgenerator_pm/whiteborder_pm/blue_gen<0>243)
     LUT3:I0->O            1   0.648   0.452  pixelgenerator_pm/whiteborder_pm/blue_gen<0>250 (pixelgenerator_pm/whiteborder_pm/blue_gen<0>250)
     LUT4:I2->O            9   0.648   0.963  pixelgenerator_pm/whiteborder_pm/blue_gen<0>284 (pixelgenerator_pm/blue<0>)
     LUT4:I0->O            1   0.648   0.000  pixelgenerator_pm/rectangle_pm/colourcombiner_pm/cc_red_out<3>11 (pixelgenerator_pm/rectangle_pm/colourcombiner_pm/cc_red_out<3>1)
     MUXF5:I0->O           5   0.276   0.633  pixelgenerator_pm/rectangle_pm/colourcombiner_pm/cc_red_out<3>1_f5 (vga_green_3_OBUF)
     OBUF:I->O                 4.520          vga_green_3_OBUF (vga_green<3>)
    ----------------------------------------
    Total                     13.494ns (9.653ns logic, 3.841ns route)
                                       (71.5% logic, 28.5% route)

=========================================================================
Timing constraint: Default OFFSET OUT AFTER for Clock 'signalgenerator_pm/hsync_pm/hsync_out1'
  Total number of paths / destination ports: 530 / 13
-------------------------------------------------------------------------
Offset:              13.908ns (Levels of Logic = 9)
  Source:            signalgenerator_pm/vsync_pm/vsync_col_0 (LATCH)
  Destination:       vga_red<3> (PAD)
  Source Clock:      signalgenerator_pm/hsync_pm/hsync_out1 rising

  Data Path: signalgenerator_pm/vsync_pm/vsync_col_0 to vga_red<3>
                                Gate     Net
    Cell:in->out      fanout   Delay   Delay  Logical Name (Net Name)
    ----------------------------------------  ------------
     LD_1:G->Q             4   0.728   0.730  signalgenerator_pm/vsync_pm/vsync_col_0 (signalgenerator_pm/vsync_pm/vsync_col_0)
     LUT4:I0->O            1   0.648   0.452  pixelgenerator_pm/whiteborder_pm/blue_gen<0>103 (pixelgenerator_pm/whiteborder_pm/blue_gen<0>103)
     LUT3:I2->O            1   0.648   0.000  pixelgenerator_pm/whiteborder_pm/blue_gen<0>196_SW0_G (N38)
     MUXF5:I1->O           1   0.276   0.500  pixelgenerator_pm/whiteborder_pm/blue_gen<0>196_SW0 (N33)
     LUT4:I1->O            1   0.643   0.500  pixelgenerator_pm/whiteborder_pm/blue_gen<0>196 (pixelgenerator_pm/whiteborder_pm/blue_gen<0>196)
     LUT3:I1->O            1   0.643   0.452  pixelgenerator_pm/whiteborder_pm/blue_gen<0>250 (pixelgenerator_pm/whiteborder_pm/blue_gen<0>250)
     LUT4:I2->O            9   0.648   0.963  pixelgenerator_pm/whiteborder_pm/blue_gen<0>284 (pixelgenerator_pm/blue<0>)
     LUT4:I0->O            1   0.648   0.000  pixelgenerator_pm/rectangle_pm/colourcombiner_pm/cc_red_out<3>11 (pixelgenerator_pm/rectangle_pm/colourcombiner_pm/cc_red_out<3>1)
     MUXF5:I0->O           5   0.276   0.633  pixelgenerator_pm/rectangle_pm/colourcombiner_pm/cc_red_out<3>1_f5 (vga_green_3_OBUF)
     OBUF:I->O                 4.520          vga_green_3_OBUF (vga_green<3>)
    ----------------------------------------
    Total                     13.908ns (9.678ns logic, 4.230ns route)
                                       (69.6% logic, 30.4% route)

=========================================================================
Timing constraint: Default OFFSET OUT AFTER for Clock 'vga_left'
  Total number of paths / destination ports: 150 / 5
-------------------------------------------------------------------------
Offset:              11.179ns (Levels of Logic = 16)
  Source:            pixelgenerator_pm/rectangle_pm/top_left_x_0 (LATCH)
  Destination:       vga_red<3> (PAD)
  Source Clock:      vga_left falling

  Data Path: pixelgenerator_pm/rectangle_pm/top_left_x_0 to vga_red<3>
                                Gate     Net
    Cell:in->out      fanout   Delay   Delay  Logical Name (Net Name)
    ----------------------------------------  ------------
     LDCP:G->Q             3   0.728   0.611  pixelgenerator_pm/rectangle_pm/top_left_x_0 (pixelgenerator_pm/rectangle_pm/top_left_x_0)
     LUT2:I1->O            1   0.643   0.000  pixelgenerator_pm/rectangle_pm/Mcompar_green_gen_cmp_ge0001_lut<0> (pixelgenerator_pm/rectangle_pm/Mcompar_green_gen_cmp_ge0001_lut<0>)
     MUXCY:S->O            1   0.632   0.000  pixelgenerator_pm/rectangle_pm/Mcompar_green_gen_cmp_ge0001_cy<0> (pixelgenerator_pm/rectangle_pm/Mcompar_green_gen_cmp_ge0001_cy<0>)
     MUXCY:CI->O           1   0.065   0.000  pixelgenerator_pm/rectangle_pm/Mcompar_green_gen_cmp_ge0001_cy<1> (pixelgenerator_pm/rectangle_pm/Mcompar_green_gen_cmp_ge0001_cy<1>)
     MUXCY:CI->O           1   0.065   0.000  pixelgenerator_pm/rectangle_pm/Mcompar_green_gen_cmp_ge0001_cy<2> (pixelgenerator_pm/rectangle_pm/Mcompar_green_gen_cmp_ge0001_cy<2>)
     MUXCY:CI->O           1   0.065   0.000  pixelgenerator_pm/rectangle_pm/Mcompar_green_gen_cmp_ge0001_cy<3> (pixelgenerator_pm/rectangle_pm/Mcompar_green_gen_cmp_ge0001_cy<3>)
     MUXCY:CI->O           1   0.065   0.000  pixelgenerator_pm/rectangle_pm/Mcompar_green_gen_cmp_ge0001_cy<4> (pixelgenerator_pm/rectangle_pm/Mcompar_green_gen_cmp_ge0001_cy<4>)
     MUXCY:CI->O           1   0.065   0.000  pixelgenerator_pm/rectangle_pm/Mcompar_green_gen_cmp_ge0001_cy<5> (pixelgenerator_pm/rectangle_pm/Mcompar_green_gen_cmp_ge0001_cy<5>)
     MUXCY:CI->O           1   0.065   0.000  pixelgenerator_pm/rectangle_pm/Mcompar_green_gen_cmp_ge0001_cy<6> (pixelgenerator_pm/rectangle_pm/Mcompar_green_gen_cmp_ge0001_cy<6>)
     MUXCY:CI->O           1   0.065   0.000  pixelgenerator_pm/rectangle_pm/Mcompar_green_gen_cmp_ge0001_cy<7> (pixelgenerator_pm/rectangle_pm/Mcompar_green_gen_cmp_ge0001_cy<7>)
     MUXCY:CI->O           1   0.065   0.000  pixelgenerator_pm/rectangle_pm/Mcompar_green_gen_cmp_ge0001_cy<8> (pixelgenerator_pm/rectangle_pm/Mcompar_green_gen_cmp_ge0001_cy<8>)
     MUXCY:CI->O           1   0.065   0.000  pixelgenerator_pm/rectangle_pm/Mcompar_green_gen_cmp_ge0001_cy<9> (pixelgenerator_pm/rectangle_pm/Mcompar_green_gen_cmp_ge0001_cy<9>)
     MUXCY:CI->O           1   0.269   0.563  pixelgenerator_pm/rectangle_pm/Mcompar_green_gen_cmp_ge0001_cy<10> (pixelgenerator_pm/rectangle_pm/green_gen_cmp_ge0001)
     LUT3:I0->O            1   0.648   0.423  pixelgenerator_pm/rectangle_pm/green_gen<3>_SW0 (N11)
     LUT4:I3->O            1   0.648   0.000  pixelgenerator_pm/rectangle_pm/colourcombiner_pm/cc_red_out<3>11 (pixelgenerator_pm/rectangle_pm/colourcombiner_pm/cc_red_out<3>1)
     MUXF5:I0->O           5   0.276   0.633  pixelgenerator_pm/rectangle_pm/colourcombiner_pm/cc_red_out<3>1_f5 (vga_green_3_OBUF)
     OBUF:I->O                 4.520          vga_green_3_OBUF (vga_green<3>)
    ----------------------------------------
    Total                     11.179ns (8.949ns logic, 2.230ns route)
                                       (80.1% logic, 19.9% route)

=========================================================================
Timing constraint: Default OFFSET OUT AFTER for Clock 'vga_up'
  Total number of paths / destination ports: 135 / 5
-------------------------------------------------------------------------
Offset:              11.046ns (Levels of Logic = 15)
  Source:            pixelgenerator_pm/rectangle_pm/top_left_y_0 (LATCH)
  Destination:       vga_red<3> (PAD)
  Source Clock:      vga_up falling

  Data Path: pixelgenerator_pm/rectangle_pm/top_left_y_0 to vga_red<3>
                                Gate     Net
    Cell:in->out      fanout   Delay   Delay  Logical Name (Net Name)
    ----------------------------------------  ------------
     LDCP:G->Q             3   0.728   0.611  pixelgenerator_pm/rectangle_pm/top_left_y_0 (pixelgenerator_pm/rectangle_pm/top_left_y_0)
     LUT2:I1->O            1   0.643   0.000  pixelgenerator_pm/rectangle_pm/Mcompar_green_gen_cmp_ge0000_lut<0> (pixelgenerator_pm/rectangle_pm/Mcompar_green_gen_cmp_ge0000_lut<0>)
     MUXCY:S->O            1   0.632   0.000  pixelgenerator_pm/rectangle_pm/Mcompar_green_gen_cmp_ge0000_cy<0> (pixelgenerator_pm/rectangle_pm/Mcompar_green_gen_cmp_ge0000_cy<0>)
     MUXCY:CI->O           1   0.065   0.000  pixelgenerator_pm/rectangle_pm/Mcompar_green_gen_cmp_ge0000_cy<1> (pixelgenerator_pm/rectangle_pm/Mcompar_green_gen_cmp_ge0000_cy<1>)
     MUXCY:CI->O           1   0.065   0.000  pixelgenerator_pm/rectangle_pm/Mcompar_green_gen_cmp_ge0000_cy<2> (pixelgenerator_pm/rectangle_pm/Mcompar_green_gen_cmp_ge0000_cy<2>)
     MUXCY:CI->O           1   0.065   0.000  pixelgenerator_pm/rectangle_pm/Mcompar_green_gen_cmp_ge0000_cy<3> (pixelgenerator_pm/rectangle_pm/Mcompar_green_gen_cmp_ge0000_cy<3>)
     MUXCY:CI->O           1   0.065   0.000  pixelgenerator_pm/rectangle_pm/Mcompar_green_gen_cmp_ge0000_cy<4> (pixelgenerator_pm/rectangle_pm/Mcompar_green_gen_cmp_ge0000_cy<4>)
     MUXCY:CI->O           1   0.065   0.000  pixelgenerator_pm/rectangle_pm/Mcompar_green_gen_cmp_ge0000_cy<5> (pixelgenerator_pm/rectangle_pm/Mcompar_green_gen_cmp_ge0000_cy<5>)
     MUXCY:CI->O           1   0.065   0.000  pixelgenerator_pm/rectangle_pm/Mcompar_green_gen_cmp_ge0000_cy<6> (pixelgenerator_pm/rectangle_pm/Mcompar_green_gen_cmp_ge0000_cy<6>)
     MUXCY:CI->O           1   0.065   0.000  pixelgenerator_pm/rectangle_pm/Mcompar_green_gen_cmp_ge0000_cy<7> (pixelgenerator_pm/rectangle_pm/Mcompar_green_gen_cmp_ge0000_cy<7>)
     MUXCY:CI->O           1   0.065   0.000  pixelgenerator_pm/rectangle_pm/Mcompar_green_gen_cmp_ge0000_cy<8> (pixelgenerator_pm/rectangle_pm/Mcompar_green_gen_cmp_ge0000_cy<8>)
     MUXCY:CI->O           1   0.269   0.500  pixelgenerator_pm/rectangle_pm/Mcompar_green_gen_cmp_ge0000_cy<9> (pixelgenerator_pm/rectangle_pm/green_gen_cmp_ge0000)
     LUT3:I1->O            1   0.643   0.423  pixelgenerator_pm/rectangle_pm/green_gen<3>_SW0 (N11)
     LUT4:I3->O            1   0.648   0.000  pixelgenerator_pm/rectangle_pm/colourcombiner_pm/cc_red_out<3>11 (pixelgenerator_pm/rectangle_pm/colourcombiner_pm/cc_red_out<3>1)
     MUXF5:I0->O           5   0.276   0.633  pixelgenerator_pm/rectangle_pm/colourcombiner_pm/cc_red_out<3>1_f5 (vga_green_3_OBUF)
     OBUF:I->O                 4.520          vga_green_3_OBUF (vga_green<3>)
    ----------------------------------------
    Total                     11.046ns (8.879ns logic, 2.167ns route)
                                       (80.4% logic, 19.6% route)

=========================================================================


Total REAL time to Xst completion: 16.00 secs
Total CPU time to Xst completion: 14.90 secs
 
--> 


Total memory usage is 205888 kilobytes

Number of errors   :    0 (   0 filtered)
Number of warnings :   10 (   0 filtered)
Number of infos    :    0 (   0 filtered)

