--------------------------------------------------------------------------------
Release 10.1.02 Trace  (lin)
Copyright (c) 1995-2008 Xilinx, Inc.  All rights reserved.

/opt/Xilinx/10.1/ISE/bin/lin/unwrapped/trce -ise
/home/prakti01/Praktikumsverzeichnis/bearbeitung/BPTI/04/prakti01_04_2/prakti01_04_2.ise
-intstyle ise -v 3 -s 4 -xml entity_vgagenerator_grad
entity_vgagenerator_grad.ncd -o entity_vgagenerator_grad.twr
entity_vgagenerator_grad.pcf -ucf entity_vgagenerator.ucf

Design file:              entity_vgagenerator_grad.ncd
Physical constraint file: entity_vgagenerator_grad.pcf
Device,package,speed:     xc3sd1800a,fg676,-4 (PRODUCTION 1.32 2008-05-28)
Report level:             verbose report

Environment Variable      Effect 
--------------------      ------ 
NONE                      No environment variables were set
--------------------------------------------------------------------------------

INFO:Timing:2698 - No timing constraints found, doing default enumeration.
INFO:Timing:2752 - To get complete path coverage, use the unconstrained paths 
   option. All paths that are not constrained will be reported in the 
   unconstrained paths section(s) of the report.
INFO:Timing:3339 - The clock-to-out numbers in this timing report are based on 
   a 50 Ohm transmission line loading model.  For the details of this model, 
   and for more information on accounting for different loading conditions, 
   please see the device datasheet.



Data Sheet report:
-----------------
All values displayed in nanoseconds (ns)

Clock vga_clk_in to Pad
------------+------------+------------------+--------+
            | clk (edge) |                  | Clock  |
Destination |   to PAD   |Internal Clock(s) | Phase  |
------------+------------+------------------+--------+
vga_hsync   |    8.868(R)|vga_clk_in_BUFGP  |   0.000|
------------+------------+------------------+--------+

Clock to Setup on destination clock vga_clk_in
---------------+---------+---------+---------+---------+
               | Src:Rise| Src:Fall| Src:Rise| Src:Fall|
Source Clock   |Dest:Rise|Dest:Rise|Dest:Fall|Dest:Fall|
---------------+---------+---------+---------+---------+
vga_clk_in     |   10.658|         |         |         |
---------------+---------+---------+---------+---------+


Analysis completed Wed Jun 17 19:52:51 2015 
--------------------------------------------------------------------------------

Trace Settings:
-------------------------
Trace Settings 

Peak Memory Usage: 164 MB



