--------------------------------------------------------------------------------
Release 10.1.02 Trace  (lin)
Copyright (c) 1995-2008 Xilinx, Inc.  All rights reserved.

/opt/Xilinx/10.1/ISE/bin/lin/unwrapped/trce -ise
/home/prakti01/Praktikumsverzeichnis/bearbeitung/BPTI/04/prakti01_04_3/prakti01_04_3.ise
-intstyle ise -v 3 -s 4 -xml entity_vgagenerator_srect
entity_vgagenerator_srect.ncd -o entity_vgagenerator_srect.twr
entity_vgagenerator_srect.pcf -ucf entity_vgagenerator.ucf

Design file:              entity_vgagenerator_srect.ncd
Physical constraint file: entity_vgagenerator_srect.pcf
Device,package,speed:     xc3sd1800a,fg676,-4 (PRODUCTION 1.32 2008-05-28)
Report level:             verbose report

Environment Variable      Effect 
--------------------      ------ 
NONE                      No environment variables were set
--------------------------------------------------------------------------------

INFO:Timing:2698 - No timing constraints found, doing default enumeration.
INFO:Timing:2752 - To get complete path coverage, use the unconstrained paths 
   option. All paths that are not constrained will be reported in the 
   unconstrained paths section(s) of the report.
INFO:Timing:3339 - The clock-to-out numbers in this timing report are based on 
   a 50 Ohm transmission line loading model.  For the details of this model, 
   and for more information on accounting for different loading conditions, 
   please see the device datasheet.



Data Sheet report:
-----------------
All values displayed in nanoseconds (ns)

Clock vga_clk_in to Pad
------------+------------+------------------+--------+
            | clk (edge) |                  | Clock  |
Destination |   to PAD   |Internal Clock(s) | Phase  |
------------+------------+------------------+--------+
vga_blue<0> |   13.723(R)|vga_clk_in_BUFGP  |   0.000|
vga_blue<1> |   13.723(R)|vga_clk_in_BUFGP  |   0.000|
vga_blue<2> |   13.723(R)|vga_clk_in_BUFGP  |   0.000|
vga_blue<3> |   13.723(R)|vga_clk_in_BUFGP  |   0.000|
vga_green<0>|   14.267(R)|vga_clk_in_BUFGP  |   0.000|
vga_green<1>|   14.260(R)|vga_clk_in_BUFGP  |   0.000|
vga_green<2>|   14.267(R)|vga_clk_in_BUFGP  |   0.000|
vga_green<3>|   14.644(R)|vga_clk_in_BUFGP  |   0.000|
vga_hsync   |    8.142(R)|vga_clk_in_BUFGP  |   0.000|
vga_red<0>  |   14.128(R)|vga_clk_in_BUFGP  |   0.000|
vga_red<1>  |   15.188(R)|vga_clk_in_BUFGP  |   0.000|
vga_red<2>  |   14.409(R)|vga_clk_in_BUFGP  |   0.000|
vga_red<3>  |   15.194(R)|vga_clk_in_BUFGP  |   0.000|
------------+------------+------------------+--------+

Clock to Setup on destination clock vga_clk_in
---------------+---------+---------+---------+---------+
               | Src:Rise| Src:Fall| Src:Rise| Src:Fall|
Source Clock   |Dest:Rise|Dest:Rise|Dest:Fall|Dest:Fall|
---------------+---------+---------+---------+---------+
vga_clk_in     |   10.251|         |         |         |
---------------+---------+---------+---------+---------+


Analysis completed Wed Jun 17 20:17:54 2015 
--------------------------------------------------------------------------------

Trace Settings:
-------------------------
Trace Settings 

Peak Memory Usage: 164 MB



